Archive member included because of file (symbol)

/usr/local/bin/../lib/gcc/arm-none-eabi/4.9.3/../../../../arm-none-eabi/lib/armv7e-m/fpu/libg.a(lib_a-ctype_.o)
                              build/parser.o (__ctype_ptr__)
/usr/local/bin/../lib/gcc/arm-none-eabi/4.9.3/../../../../arm-none-eabi/lib/armv7e-m/fpu/libg.a(lib_a-errno.o)
                              build/syscall.o (__errno)
/usr/local/bin/../lib/gcc/arm-none-eabi/4.9.3/../../../../arm-none-eabi/lib/armv7e-m/fpu/libg.a(lib_a-exit.o)
                              /usr/local/bin/../lib/gcc/arm-none-eabi/4.9.3/../../../../arm-none-eabi/lib/armv7e-m/fpu/crt0.o (exit)
/usr/local/bin/../lib/gcc/arm-none-eabi/4.9.3/../../../../arm-none-eabi/lib/armv7e-m/fpu/libg.a(lib_a-impure.o)
                              /usr/local/bin/../lib/gcc/arm-none-eabi/4.9.3/../../../../arm-none-eabi/lib/armv7e-m/fpu/libg.a(lib_a-exit.o) (_global_impure_ptr)
/usr/local/bin/../lib/gcc/arm-none-eabi/4.9.3/../../../../arm-none-eabi/lib/armv7e-m/fpu/libg.a(lib_a-init.o)
                              /usr/local/bin/../lib/gcc/arm-none-eabi/4.9.3/../../../../arm-none-eabi/lib/armv7e-m/fpu/crt0.o (__libc_init_array)
/usr/local/bin/../lib/gcc/arm-none-eabi/4.9.3/../../../../arm-none-eabi/lib/armv7e-m/fpu/libg.a(lib_a-memset.o)
                              /usr/local/bin/../lib/gcc/arm-none-eabi/4.9.3/../../../../arm-none-eabi/lib/armv7e-m/fpu/crt0.o (memset)
/usr/local/bin/../lib/gcc/arm-none-eabi/4.9.3/../../../../arm-none-eabi/lib/armv7e-m/fpu/libg.a(lib_a-printf.o)
                              build/main.o (printf)
/usr/local/bin/../lib/gcc/arm-none-eabi/4.9.3/../../../../arm-none-eabi/lib/armv7e-m/fpu/libg.a(lib_a-putchar.o)
                              build/parser.o (putchar)
/usr/local/bin/../lib/gcc/arm-none-eabi/4.9.3/../../../../arm-none-eabi/lib/armv7e-m/fpu/libg.a(lib_a-puts.o)
                              build/main.o (puts)
/usr/local/bin/../lib/gcc/arm-none-eabi/4.9.3/../../../../arm-none-eabi/lib/armv7e-m/fpu/libg.a(lib_a-setvbuf.o)
                              build/terminal.o (setvbuf)
/usr/local/bin/../lib/gcc/arm-none-eabi/4.9.3/../../../../arm-none-eabi/lib/armv7e-m/fpu/libg.a(lib_a-strcasecmp.o)
                              build/parser.o (strcasecmp)
/usr/local/bin/../lib/gcc/arm-none-eabi/4.9.3/../../../../arm-none-eabi/lib/armv7e-m/fpu/libg.a(lib_a-strcpy.o)
                              build/parser.o (strcpy)
/usr/local/bin/../lib/gcc/arm-none-eabi/4.9.3/../../../../arm-none-eabi/lib/armv7e-m/fpu/libg.a(lib_a-strlen.o)
                              build/parser.o (strlen)
/usr/local/bin/../lib/gcc/arm-none-eabi/4.9.3/../../../../arm-none-eabi/lib/armv7e-m/fpu/libg.a(lib_a-strtok.o)
                              build/parser.o (strtok)
/usr/local/bin/../lib/gcc/arm-none-eabi/4.9.3/../../../../arm-none-eabi/lib/armv7e-m/fpu/libg.a(lib_a-strtok_r.o)
                              /usr/local/bin/../lib/gcc/arm-none-eabi/4.9.3/../../../../arm-none-eabi/lib/armv7e-m/fpu/libg.a(lib_a-strtok.o) (__strtok_r)
/usr/local/bin/../lib/gcc/arm-none-eabi/4.9.3/../../../../arm-none-eabi/lib/armv7e-m/fpu/libg.a(lib_a-strtol.o)
                              build/parser.o (strtol)
/usr/local/bin/../lib/gcc/arm-none-eabi/4.9.3/../../../../arm-none-eabi/lib/armv7e-m/fpu/libg.a(lib_a-strtoul.o)
                              build/parser.o (strtoul)
/usr/local/bin/../lib/gcc/arm-none-eabi/4.9.3/../../../../arm-none-eabi/lib/armv7e-m/fpu/libg.a(lib_a-vfprintf.o)
                              /usr/local/bin/../lib/gcc/arm-none-eabi/4.9.3/../../../../arm-none-eabi/lib/armv7e-m/fpu/libg.a(lib_a-printf.o) (_vfprintf_r)
/usr/local/bin/../lib/gcc/arm-none-eabi/4.9.3/../../../../arm-none-eabi/lib/armv7e-m/fpu/libg.a(lib_a-wsetup.o)
                              /usr/local/bin/../lib/gcc/arm-none-eabi/4.9.3/../../../../arm-none-eabi/lib/armv7e-m/fpu/libg.a(lib_a-vfprintf.o) (__swsetup_r)
/usr/local/bin/../lib/gcc/arm-none-eabi/4.9.3/../../../../arm-none-eabi/lib/armv7e-m/fpu/libg.a(lib_a-__call_atexit.o)
                              /usr/local/bin/../lib/gcc/arm-none-eabi/4.9.3/../../../../arm-none-eabi/lib/armv7e-m/fpu/libg.a(lib_a-exit.o) (__call_exitprocs)
/usr/local/bin/../lib/gcc/arm-none-eabi/4.9.3/../../../../arm-none-eabi/lib/armv7e-m/fpu/libg.a(lib_a-atexit.o)
                              /usr/local/bin/../lib/gcc/arm-none-eabi/4.9.3/../../../../arm-none-eabi/lib/armv7e-m/fpu/libg.a(lib_a-__call_atexit.o) (atexit)
/usr/local/bin/../lib/gcc/arm-none-eabi/4.9.3/../../../../arm-none-eabi/lib/armv7e-m/fpu/libg.a(lib_a-dtoa.o)
                              /usr/local/bin/../lib/gcc/arm-none-eabi/4.9.3/../../../../arm-none-eabi/lib/armv7e-m/fpu/libg.a(lib_a-vfprintf.o) (_dtoa_r)
/usr/local/bin/../lib/gcc/arm-none-eabi/4.9.3/../../../../arm-none-eabi/lib/armv7e-m/fpu/libg.a(lib_a-fflush.o)
                              /usr/local/bin/../lib/gcc/arm-none-eabi/4.9.3/../../../../arm-none-eabi/lib/armv7e-m/fpu/libg.a(lib_a-setvbuf.o) (_fflush_r)
[...]
Memory Configuration

Name             Origin             Length             Attributes
FLASH            0x0000000008000000 0x0000000000040000 xr
RAM              0x0000000020000000 0x000000000000a000 xrw
CCMRAM           0x0000000010000000 0x0000000000002000 rw
*default*        0x0000000000000000 0xffffffffffffffff

Linker script and memory map

LOAD /usr/local/bin/../lib/gcc/arm-none-eabi/4.9.3/armv7e-m/fpu/crti.o
LOAD /usr/local/bin/../lib/gcc/arm-none-eabi/4.9.3/armv7e-m/fpu/crtbegin.o
LOAD /usr/local/bin/../lib/gcc/arm-none-eabi/4.9.3/../../../../arm-none-eabi/lib/armv7e-m/fpu/crt0.o
LOAD build/main.o
LOAD build/mycode.o
LOAD build/mytest.o
LOAD build/lab12.o
LOAD build/monitor.o
LOAD build/parser.o
LOAD build/dump.o
LOAD build/syscall.o
LOAD build/terminal.o
LOAD build/decoder/decoder.o
LOAD build/decoder/STM32F30x_decoder.o
LOAD build/Drivers/CMSIS/Device/ST/STM32F3xx/Source/Templates/system_stm32f3xx.o
LOAD build/Drivers/STM32F3xx_HAL_Driver/Src/stm32f3xx_hal_rcc.o
LOAD build/Drivers/STM32F3xx_HAL_Driver/Src/stm32f3xx_hal.o
LOAD build/Drivers/STM32F3xx_HAL_Driver/Src/stm32f3xx_hal_cortex.o
LOAD build/Drivers/STM32F3xx_HAL_Driver/Src/stm32f3xx_hal_uart.o
LOAD build/Drivers/STM32F3xx_HAL_Driver/Src/stm32f3xx_hal_gpio.o
LOAD build/Drivers/STM32F3xx_HAL_Driver/Src/stm32f3xx_hal_pcd.o
LOAD build/Drivers/STM32F3xx_HAL_Driver/Src/stm32f3xx_hal_pcd_ex.o
LOAD build/Drivers/STM32F3xx_HAL_Driver/Src/stm32f3xx_hal_i2c.o
LOAD build/Drivers/STM32F3xx_HAL_Driver/Src/stm32f3xx_hal_spi.o
LOAD build/Drivers/STM32F3xx_HAL_Driver/Src/stm32f3xx_hal_adc.o
LOAD build/Drivers/STM32F3xx_HAL_Driver/Src/stm32f3xx_hal_adc_ex.o
LOAD build/Drivers/STM32F3xx_HAL_Driver/Src/stm32f3xx_hal_dac.o
LOAD build/Drivers/STM32F3xx_HAL_Driver/Src/stm32f3xx_hal_dac_ex.o
LOAD build/Drivers/STM32F3xx_HAL_Driver/Src/stm32f3xx_hal_tim.o
LOAD build/Drivers/STM32F3xx_HAL_Driver/Src/stm32f3xx_hal_tim_ex.o
LOAD build/Drivers/STM32_USB_Device_Library/Core/Src/usbd_core.o
LOAD build/Drivers/STM32_USB_Device_Library/Core/Src/usbd_ctlreq.o
LOAD build/Drivers/STM32_USB_Device_Library/Core/Src/usbd_ioreq.o
LOAD build/Drivers/STM32_USB_Device_Library/Class/CDC/Src/usbd_cdc.o
LOAD build/usbd_conf.o
LOAD build/usbd_desc.o
LOAD build/usbd_cdc_interface.o
LOAD build/Drivers/BSP/STM32F3-Discovery/stm32f3_discovery.o
LOAD build/Drivers/BSP/STM32F3-Discovery/stm32f3_discovery_accelerometer.o
LOAD build/Drivers/BSP/STM32F3-Discovery/stm32f3_discovery_gyroscope.o
LOAD build/Drivers/BSP/Components/lsm303dlhc/lsm303dlhc.o
LOAD build/Drivers/BSP/Components/l3gd20/l3gd20.o
LOAD build/Drivers/CMSIS/Device/ST/STM32F3xx/Source/Templates/gcc/startup_stm32f303xc.o
START GROUP
LOAD /usr/local/bin/../lib/gcc/arm-none-eabi/4.9.3/armv7e-m/fpu/libgcc.a
LOAD /usr/local/bin/../lib/gcc/arm-none-eabi/4.9.3/../../../../arm-none-eabi/lib/armv7e-m/fpu/libg.a
LOAD /usr/local/bin/../lib/gcc/arm-none-eabi/4.9.3/../../../../arm-none-eabi/lib/armv7e-m/fpu/libc.a
END GROUP
LOAD /usr/local/bin/../lib/gcc/arm-none-eabi/4.9.3/armv7e-m/fpu/crtend.o
LOAD /usr/local/bin/../lib/gcc/arm-none-eabi/4.9.3/armv7e-m/fpu/crtn.o
                0x0000000020008000                _estack = 0x20008000
                0x0000000000001000                _Min_Heap_Size = 0x1000
                0x0000000000000400                _Min_Stack_Size = 0x400

.isr_vector     0x0000000008000000      0x188
                0x0000000008000000                . = ALIGN (0x4)
 *(.isr_vector)
 .isr_vector    0x0000000008000000      0x188 build/Drivers/CMSIS/Device/ST/STM32F3xx/Source/Templates/gcc/startup_stm32f303xc.o
                0x0000000008000000                g_pfnVectors
                0x0000000008000188                . = ALIGN (0x4)

.text           0x0000000008000188     0x967c
                0x0000000008000188                . = ALIGN (0x4)
 *(.text)
 .text          0x0000000008000188       0x5c /usr/local/bin/../lib/gcc/arm-none-eabi/4.9.3/armv7e-m/fpu/crtbegin.o
 .text          0x00000000080001e4       0xa0 build/mycode.o
                0x00000000080001e4                mytest
                0x00000000080001fc                my_Tick
                0x0000000008000210                my_Loop
                0x000000000800025c                my_Init
 .text          0x0000000008000284      0x134 /usr/local/bin/../lib/gcc/arm-none-eabi/4.9.3/../../../../arm-none-eabi/lib/armv7e-m/fpu/libg.a(lib_a-memcpy.o)
                0x0000000008000284                memcpy
 .text          0x00000000080003b8      0x370 /usr/local/bin/../lib/gcc/arm-none-eabi/4.9.3/armv7e-m/fpu/libgcc.a(_arm_addsubdf3.o)
                0x00000000080003b8                __aeabi_drsub
                0x00000000080003c0                __aeabi_dsub
                0x00000000080003c0                __subdf3
                0x00000000080003c4                __adddf3
                0x00000000080003c4                __aeabi_dadd
                0x000000000800063c                __aeabi_ui2d
                0x000000000800063c                __floatunsidf
                0x000000000800065c                __floatsidf
                0x000000000800065c                __aeabi_i2d
                0x0000000008000680                __extendsfdf2
                0x0000000008000680                __aeabi_f2d
                0x00000000080006bc                __aeabi_ul2d
                0x00000000080006bc                __floatundidf
                0x00000000080006cc                __floatdidf
                0x00000000080006cc                __aeabi_l2d
 .text          0x0000000008000728      0x424 /usr/local/bin/../lib/gcc/arm-none-eabi/4.9.3/armv7e-m/fpu/libgcc.a(_arm_muldivdf3.o)
                0x0000000008000728                __aeabi_dmul
                0x0000000008000728                __muldf3
                0x000000000800097c                __aeabi_ddiv
                0x000000000800097c                __divdf3
 .text          0x0000000008000b4c      0x110 /usr/local/bin/../lib/gcc/arm-none-eabi/4.9.3/armv7e-m/fpu/libgcc.a(_arm_cmpdf2.o)
                0x0000000008000b4c                __gtdf2
                0x0000000008000b4c                __gedf2
                0x0000000008000b54                __ltdf2
                0x0000000008000b54                __ledf2
                0x0000000008000b5c                __cmpdf2
                0x0000000008000b5c                __eqdf2
                0x0000000008000b5c                __nedf2
                0x0000000008000bd8                __aeabi_cdrcmple
                0x0000000008000be8                __aeabi_cdcmple
                0x0000000008000be8                __aeabi_cdcmpeq
                0x0000000008000bf8                __aeabi_dcmpeq
                0x0000000008000c0c                __aeabi_dcmplt
                0x0000000008000c20                __aeabi_dcmple
                0x0000000008000c34                __aeabi_dcmpge
                0x0000000008000c48                __aeabi_dcmpgt
 .text          0x0000000008000c5c       0x50 /usr/local/bin/../lib/gcc/arm-none-eabi/4.9.3/armv7e-m/fpu/libgcc.a(_arm_fixdfsi.o)
                0x0000000008000c5c                __fixdfsi
                0x0000000008000c5c                __aeabi_d2iz
 .text          0x0000000008000cac       0x30 /usr/local/bin/../lib/gcc/arm-none-eabi/4.9.3/armv7e-m/fpu/libgcc.a(_aeabi_uldivmod.o)
                0x0000000008000cac                __aeabi_uldivmod
 .text          0x0000000008000cdc       0x60 /usr/local/bin/../lib/gcc/arm-none-eabi/4.9.3/armv7e-m/fpu/libgcc.a(bpabi.o)
                0x0000000008000cdc                __gnu_ldivmod_helper
                0x0000000008000d0c                __gnu_uldivmod_helper
 .text          0x0000000008000d3c        0x4 /usr/local/bin/../lib/gcc/arm-none-eabi/4.9.3/armv7e-m/fpu/libgcc.a(_dvmd_tls.o)
                0x0000000008000d3c                __aeabi_ldiv0
                0x0000000008000d3c                __aeabi_idiv0
 .text          0x0000000008000d40      0x29c /usr/local/bin/../lib/gcc/arm-none-eabi/4.9.3/armv7e-m/fpu/libgcc.a(_divdi3.o)
                0x0000000008000d40                __divdi3
 .text          0x0000000008000fdc      0x26c /usr/local/bin/../lib/gcc/arm-none-eabi/4.9.3/armv7e-m/fpu/libgcc.a(_udivdi3.o)
                0x0000000008000fdc                __udivdi3
 *(.text*)
 .text.CmdLED   0x0000000008001248       0x5c build/main.o
                0x0000000008001248                CmdLED
 .text.CmdAccel
                0x00000000080012a4       0x28 build/main.o
                0x00000000080012a4                CmdAccel
 .text.CmdGyro  0x00000000080012cc       0x54 build/main.o
                0x00000000080012cc                CmdGyro
 .text.CmdButton
                0x0000000008001320       0x2c build/main.o
                0x0000000008001320                CmdButton
 .text.Error_Handler
                0x000000000800134c        0xa build/main.o
                0x000000000800134c                Error_Handler
 *fill*         0x0000000008001356        0x2 
 .text.startup.main
                0x0000000008001358       0x74 build/main.o
                0x0000000008001358                main
 .text.SysTick_Handler
                0x00000000080013cc        0xe build/main.o
                0x00000000080013cc                SysTick_Handler
 *fill*         0x00000000080013da        0x2 
 .text.CmdTest  0x00000000080013dc       0x30 build/mytest.o
                0x00000000080013dc                CmdTest
 .text.gpioinitLCD
                0x000000000800140c       0x64 build/lab12.o
                0x000000000800140c                gpioinitLCD
 .text.monitor  0x0000000008001470       0x24 build/lab12.o
                0x0000000008001470                monitor
 .text.delay1   0x0000000008001494       0x18 build/lab12.o
                0x0000000008001494                delay1
 .text.delay    0x00000000080014ac        0xe build/lab12.o
                0x00000000080014ac                delay
 *fill*         0x00000000080014ba        0x2 
 .text.lcd      0x00000000080014bc       0x64 build/lab12.o
                0x00000000080014bc                lcd
 .text.functionCmd
                0x0000000008001520       0x68 build/lab12.o
                0x0000000008001520                functionCmd
 .text.lcdinit  0x0000000008001588      0x1e8 build/lab12.o
                0x0000000008001588                lcdinit
 .text.clearLCD
                0x0000000008001770       0xb0 build/lab12.o
                0x0000000008001770                clearLCD
 .text.CmdW     0x0000000008001820       0x1c build/monitor.o
                0x0000000008001820                CmdW
 .text.CmdR     0x000000000800183c       0x20 build/monitor.o
                0x000000000800183c                CmdR
 .text.parse    0x000000000800185c      0x104 build/parser.o
                0x000000000800185c                parse
 .text.TaskInput
                0x0000000008001960      0x12c build/parser.o
                0x0000000008001960                TaskInput
 .text.fetch_uint32_arg
                0x0000000008001a8c       0x28 build/parser.o
                0x0000000008001a8c                fetch_uint32_arg
 .text.fetch_string_arg
                0x0000000008001ab4       0x20 build/parser.o
                0x0000000008001ab4                fetch_string_arg
 .text.DumpBuffer
                0x0000000008001ad4       0xb4 build/dump.o
                0x0000000008001ad4                DumpBuffer
 .text.CmdDump  0x0000000008001b88       0x54 build/dump.o
                0x0000000008001b88                CmdDump
 .text._sbrk_r  0x0000000008001bdc       0x34 build/syscall.o
                0x0000000008001bdc                _sbrk_r
 .text._close_r
                0x0000000008001c10        0x6 build/syscall.o
                0x0000000008001c10                _close_r
 .text._fstat_r
                0x0000000008001c16        0xa build/syscall.o
                0x0000000008001c16                _fstat_r
 .text._isatty_r
                0x0000000008001c20        0x4 build/syscall.o
                0x0000000008001c20                _isatty_r
 .text._lseek_r
                0x0000000008001c24        0x4 build/syscall.o
                0x0000000008001c24                _lseek_r
 .text.USBD_CDC_DataIn
                0x0000000008001c28       0x80 build/terminal.o
 .text.CmdStats
                0x0000000008001ca8       0x54 build/terminal.o
                0x0000000008001ca8                CmdStats
 .text.TerminalInit
                0x0000000008001cfc       0x7c build/terminal.o
                0x0000000008001cfc                TerminalInit
 .text.TerminalRead
                0x0000000008001d78       0x4c build/terminal.o
                0x0000000008001d78                TerminalRead
 .text._read_r  0x0000000008001dc4        0xa build/terminal.o
                0x0000000008001dc4                _read_r
 .text.TerminalReadNonBlock
                0x0000000008001dce       0x10 build/terminal.o
                0x0000000008001dce                TerminalReadNonBlock
 .text.TerminalReadAnyNonBlock
                0x0000000008001dde       0x12 build/terminal.o
                0x0000000008001dde                TerminalReadAnyNonBlock
 .text.TerminalOutputBufferWrite
                0x0000000008001df0       0xe8 build/terminal.o
                0x0000000008001df0                TerminalOutputBufferWrite
 .text._write_r
                0x0000000008001ed8       0x38 build/terminal.o
                0x0000000008001ed8                _write_r
 .text.TerminalInputBufferWrite
                0x0000000008001f10       0x70 build/terminal.o
                0x0000000008001f10                TerminalInputBufferWrite
 .text.USB_LP_CAN_RX0_IRQHandler
                0x0000000008001f80        0xc build/terminal.o
                0x0000000008001f80                USB_LP_CAN_RX0_IRQHandler
 .text.Uncompress
                0x0000000008001f8c       0x78 build/decoder/decoder.o
 .text.DecodeReadRegister
                0x0000000008002004       0x58 build/decoder/decoder.o
                0x0000000008002004                DecodeReadRegister
 .text.DecodeWriteRegister
                0x000000000800205c       0x54 build/decoder/decoder.o
                0x000000000800205c                DecodeWriteRegister
 .text.DecodeField
                0x00000000080020b0       0x4c build/decoder/decoder.o
                0x00000000080020b0                DecodeField
 .text.DecodeRegister
                0x00000000080020fc       0x5c build/decoder/decoder.o
                0x00000000080020fc                DecodeRegister
 .text.DecodePeripheral
                0x0000000008002158       0x50 build/decoder/decoder.o
                0x0000000008002158                DecodePeripheral
 .text.DecodePrintPeripherals
                0x00000000080021a8       0x48 build/decoder/decoder.o
                0x00000000080021a8                DecodePrintPeripherals
 .text.DecodePrintRegisters
                0x00000000080021f0       0x58 build/decoder/decoder.o
                0x00000000080021f0                DecodePrintRegisters
 .text.CmdDecode
                0x0000000008002248      0x278 build/decoder/decoder.o
                0x0000000008002248                CmdDecode
 .text.SystemInit
                0x00000000080024c0       0x68 build/Drivers/CMSIS/Device/ST/STM32F3xx/Source/Templates/system_stm32f3xx.o
                0x00000000080024c0                SystemInit
 .text.HAL_RCC_OscConfig
                0x0000000008002528      0x5d4 build/Drivers/STM32F3xx_HAL_Driver/Src/stm32f3xx_hal_rcc.o
                0x0000000008002528                HAL_RCC_OscConfig
 .text.HAL_RCC_ClockConfig
                0x0000000008002afc      0x2cc build/Drivers/STM32F3xx_HAL_Driver/Src/stm32f3xx_hal_rcc.o
                0x0000000008002afc                HAL_RCC_ClockConfig
 .text.HAL_RCC_GetSysClockFreq
                0x0000000008002dc8       0x6c build/Drivers/STM32F3xx_HAL_Driver/Src/stm32f3xx_hal_rcc.o
                0x0000000008002dc8                HAL_RCC_GetSysClockFreq
 .text.HAL_RCC_GetHCLKFreq
                0x0000000008002e34       0x38 build/Drivers/STM32F3xx_HAL_Driver/Src/stm32f3xx_hal_rcc.o
                0x0000000008002e34                HAL_RCC_GetHCLKFreq
 .text.HAL_MspInit
                0x0000000008002e6c        0x2 build/Drivers/STM32F3xx_HAL_Driver/Src/stm32f3xx_hal.o
                0x0000000008002e6c                HAL_MspInit
 .text.HAL_InitTick
                0x0000000008002e6e       0x24 build/Drivers/STM32F3xx_HAL_Driver/Src/stm32f3xx_hal.o
                0x0000000008002e6e                HAL_InitTick
 *fill*         0x0000000008002e92        0x2 
 .text.HAL_Init
                0x0000000008002e94       0x24 build/Drivers/STM32F3xx_HAL_Driver/Src/stm32f3xx_hal.o
                0x0000000008002e94                HAL_Init
 .text.HAL_IncTick
                0x0000000008002eb8       0x10 build/Drivers/STM32F3xx_HAL_Driver/Src/stm32f3xx_hal.o
                0x0000000008002eb8                HAL_IncTick
 .text.HAL_GetTick
                0x0000000008002ec8        0xc build/Drivers/STM32F3xx_HAL_Driver/Src/stm32f3xx_hal.o
                0x0000000008002ec8                HAL_GetTick
 .text.HAL_Delay
                0x0000000008002ed4       0x1a build/Drivers/STM32F3xx_HAL_Driver/Src/stm32f3xx_hal.o
                0x0000000008002ed4                HAL_Delay
 *fill*         0x0000000008002eee        0x2 
 .text.HAL_NVIC_SetPriorityGrouping
                0x0000000008002ef0       0x24 build/Drivers/STM32F3xx_HAL_Driver/Src/stm32f3xx_hal_cortex.o
                0x0000000008002ef0                HAL_NVIC_SetPriorityGrouping
 .text.HAL_NVIC_SetPriority
                0x0000000008002f14       0x60 build/Drivers/STM32F3xx_HAL_Driver/Src/stm32f3xx_hal_cortex.o
                0x0000000008002f14                HAL_NVIC_SetPriority
 .text.HAL_NVIC_EnableIRQ
                0x0000000008002f74       0x18 build/Drivers/STM32F3xx_HAL_Driver/Src/stm32f3xx_hal_cortex.o
                0x0000000008002f74                HAL_NVIC_EnableIRQ
 .text.HAL_SYSTICK_Config
                0x0000000008002f8c       0x2c build/Drivers/STM32F3xx_HAL_Driver/Src/stm32f3xx_hal_cortex.o
                0x0000000008002f8c                HAL_SYSTICK_Config
 .text.HAL_GPIO_Init
                0x0000000008002fb8      0x188 build/Drivers/STM32F3xx_HAL_Driver/Src/stm32f3xx_hal_gpio.o
                0x0000000008002fb8                HAL_GPIO_Init
 .text.HAL_GPIO_ReadPin
                0x0000000008003140        0xc build/Drivers/STM32F3xx_HAL_Driver/Src/stm32f3xx_hal_gpio.o
                0x0000000008003140                HAL_GPIO_ReadPin
 .text.HAL_GPIO_WritePin
                0x000000000800314c        0xa build/Drivers/STM32F3xx_HAL_Driver/Src/stm32f3xx_hal_gpio.o
                0x000000000800314c                HAL_GPIO_WritePin
 .text.HAL_GPIO_TogglePin
                0x0000000008003156        0x8 build/Drivers/STM32F3xx_HAL_Driver/Src/stm32f3xx_hal_gpio.o
                0x0000000008003156                HAL_GPIO_TogglePin
 .text.HAL_PCD_Init
                0x000000000800315e       0x9a build/Drivers/STM32F3xx_HAL_Driver/Src/stm32f3xx_hal_pcd.o
                0x000000000800315e                HAL_PCD_Init
 .text.HAL_PCD_Start
                0x00000000080031f8        0xc build/Drivers/STM32F3xx_HAL_Driver/Src/stm32f3xx_hal_pcd.o
                0x00000000080031f8                HAL_PCD_Start
 .text.HAL_PCD_SetAddress
                0x0000000008003204       0x2c build/Drivers/STM32F3xx_HAL_Driver/Src/stm32f3xx_hal_pcd.o
                0x0000000008003204                HAL_PCD_SetAddress
 .text.HAL_PCD_EP_Open
                0x0000000008003230      0x338 build/Drivers/STM32F3xx_HAL_Driver/Src/stm32f3xx_hal_pcd.o
                0x0000000008003230                HAL_PCD_EP_Open
 .text.HAL_PCD_EP_Close
                0x0000000008003568      0x1b0 build/Drivers/STM32F3xx_HAL_Driver/Src/stm32f3xx_hal_pcd.o
                0x0000000008003568                HAL_PCD_EP_Close
 .text.HAL_PCD_EP_Receive
                0x0000000008003718       0xf4 build/Drivers/STM32F3xx_HAL_Driver/Src/stm32f3xx_hal_pcd.o
                0x0000000008003718                HAL_PCD_EP_Receive
 .text.HAL_PCD_EP_GetRxCount
                0x000000000800380c       0x10 build/Drivers/STM32F3xx_HAL_Driver/Src/stm32f3xx_hal_pcd.o
                0x000000000800380c                HAL_PCD_EP_GetRxCount
 .text.HAL_PCD_EP_Transmit
                0x000000000800381c      0x182 build/Drivers/STM32F3xx_HAL_Driver/Src/stm32f3xx_hal_pcd.o
                0x000000000800381c                HAL_PCD_EP_Transmit
 .text.HAL_PCD_IRQHandler
                0x000000000800399e      0x4a6 build/Drivers/STM32F3xx_HAL_Driver/Src/stm32f3xx_hal_pcd.o
                0x000000000800399e                HAL_PCD_IRQHandler
 .text.HAL_PCD_EP_SetStall
                0x0000000008003e44       0xa2 build/Drivers/STM32F3xx_HAL_Driver/Src/stm32f3xx_hal_pcd.o
                0x0000000008003e44                HAL_PCD_EP_SetStall
 .text.HAL_PCD_EP_ClrStall
                0x0000000008003ee6       0xc8 build/Drivers/STM32F3xx_HAL_Driver/Src/stm32f3xx_hal_pcd.o
                0x0000000008003ee6                HAL_PCD_EP_ClrStall
 .text.HAL_PCDEx_PMAConfig
                0x0000000008003fae       0x34 build/Drivers/STM32F3xx_HAL_Driver/Src/stm32f3xx_hal_pcd_ex.o
                0x0000000008003fae                HAL_PCDEx_PMAConfig
 .text.PCD_WritePMA
                0x0000000008003fe2       0x2e build/Drivers/STM32F3xx_HAL_Driver/Src/stm32f3xx_hal_pcd_ex.o
                0x0000000008003fe2                PCD_WritePMA
 .text.PCD_ReadPMA
                0x0000000008004010       0x22 build/Drivers/STM32F3xx_HAL_Driver/Src/stm32f3xx_hal_pcd_ex.o
                0x0000000008004010                PCD_ReadPMA
 .text.HAL_PCDEx_SetConnectionState
                0x0000000008004032        0x2 build/Drivers/STM32F3xx_HAL_Driver/Src/stm32f3xx_hal_pcd_ex.o
                0x0000000008004032                HAL_PCDEx_SetConnectionState
 .text.USBD_Init
                0x0000000008004034       0x2a build/Drivers/STM32_USB_Device_Library/Core/Src/usbd_core.o
                0x0000000008004034                USBD_Init
 .text.USBD_RegisterClass
                0x000000000800405e        0xe build/Drivers/STM32_USB_Device_Library/Core/Src/usbd_core.o
                0x000000000800405e                USBD_RegisterClass
 .text.USBD_Start
                0x000000000800406c        0xa build/Drivers/STM32_USB_Device_Library/Core/Src/usbd_core.o
                0x000000000800406c                USBD_Start
 .text.USBD_SetClassConfig
                0x0000000008004076       0x16 build/Drivers/STM32_USB_Device_Library/Core/Src/usbd_core.o
                0x0000000008004076                USBD_SetClassConfig
 .text.USBD_ClrClassConfig
                0x000000000800408c        0xe build/Drivers/STM32_USB_Device_Library/Core/Src/usbd_core.o
                0x000000000800408c                USBD_ClrClassConfig
 .text.USBD_LL_SetupStage
                0x000000000800409a       0x5a build/Drivers/STM32_USB_Device_Library/Core/Src/usbd_core.o
                0x000000000800409a                USBD_LL_SetupStage
 .text.USBD_LL_DataOutStage
                0x00000000080040f4       0x60 build/Drivers/STM32_USB_Device_Library/Core/Src/usbd_core.o
                0x00000000080040f4                USBD_LL_DataOutStage
 .text.USBD_LL_DataInStage
                0x0000000008004154       0x88 build/Drivers/STM32_USB_Device_Library/Core/Src/usbd_core.o
                0x0000000008004154                USBD_LL_DataInStage
 .text.USBD_LL_Reset
                0x00000000080041dc       0x3e build/Drivers/STM32_USB_Device_Library/Core/Src/usbd_core.o
                0x00000000080041dc                USBD_LL_Reset
 .text.USBD_LL_SetSpeed
                0x000000000800421a        0x6 build/Drivers/STM32_USB_Device_Library/Core/Src/usbd_core.o
                0x000000000800421a                USBD_LL_SetSpeed
 .text.USBD_LL_SOF
                0x0000000008004220       0x18 build/Drivers/STM32_USB_Device_Library/Core/Src/usbd_core.o
                0x0000000008004220                USBD_LL_SOF
 .text.USBD_ParseSetupRequest
                0x0000000008004238       0x28 build/Drivers/STM32_USB_Device_Library/Core/Src/usbd_ctlreq.o
                0x0000000008004238                USBD_ParseSetupRequest
 .text.USBD_CtlError
                0x0000000008004260       0x16 build/Drivers/STM32_USB_Device_Library/Core/Src/usbd_ctlreq.o
                0x0000000008004260                USBD_CtlError
 *fill*         0x0000000008004276        0x2 
 .text.USBD_StdDevReq
                0x0000000008004278      0x218 build/Drivers/STM32_USB_Device_Library/Core/Src/usbd_ctlreq.o
                0x0000000008004278                USBD_StdDevReq
 .text.USBD_StdItfReq
                0x0000000008004490       0x30 build/Drivers/STM32_USB_Device_Library/Core/Src/usbd_ctlreq.o
                0x0000000008004490                USBD_StdItfReq
 .text.USBD_StdEPReq
                0x00000000080044c0       0xb2 build/Drivers/STM32_USB_Device_Library/Core/Src/usbd_ctlreq.o
                0x00000000080044c0                USBD_StdEPReq
 .text.USBD_GetString
                0x0000000008004572       0x3a build/Drivers/STM32_USB_Device_Library/Core/Src/usbd_ctlreq.o
                0x0000000008004572                USBD_GetString
 .text.USBD_CtlSendData
                0x00000000080045ac       0x1c build/Drivers/STM32_USB_Device_Library/Core/Src/usbd_ioreq.o
                0x00000000080045ac                USBD_CtlSendData
 .text.USBD_CtlContinueSendData
                0x00000000080045c8       0x12 build/Drivers/STM32_USB_Device_Library/Core/Src/usbd_ioreq.o
                0x00000000080045c8                USBD_CtlContinueSendData
 .text.USBD_CtlPrepareRx
                0x00000000080045da       0x20 build/Drivers/STM32_USB_Device_Library/Core/Src/usbd_ioreq.o
                0x00000000080045da                USBD_CtlPrepareRx
 .text.USBD_CtlContinueRx
                0x00000000080045fa       0x12 build/Drivers/STM32_USB_Device_Library/Core/Src/usbd_ioreq.o
                0x00000000080045fa                USBD_CtlContinueRx
 .text.USBD_CtlSendStatus
                0x000000000800460c       0x16 build/Drivers/STM32_USB_Device_Library/Core/Src/usbd_ioreq.o
                0x000000000800460c                USBD_CtlSendStatus
 .text.USBD_CtlReceiveStatus
                0x0000000008004622       0x16 build/Drivers/STM32_USB_Device_Library/Core/Src/usbd_ioreq.o
                0x0000000008004622                USBD_CtlReceiveStatus
 .text.USBD_CDC_DataIn
                0x0000000008004638       0x12 build/Drivers/STM32_USB_Device_Library/Class/CDC/Src/usbd_cdc.o
 .text.USBD_CDC_EP0_RxReady
                0x000000000800464a       0x28 build/Drivers/STM32_USB_Device_Library/Class/CDC/Src/usbd_cdc.o
 *fill*         0x0000000008004672        0x2 
 .text.USBD_CDC_GetFSCfgDesc
                0x0000000008004674        0xc build/Drivers/STM32_USB_Device_Library/Class/CDC/Src/usbd_cdc.o
 .text.USBD_CDC_GetHSCfgDesc
                0x0000000008004680        0xc build/Drivers/STM32_USB_Device_Library/Class/CDC/Src/usbd_cdc.o
 .text.USBD_CDC_GetOtherSpeedCfgDesc
                0x000000000800468c        0xc build/Drivers/STM32_USB_Device_Library/Class/CDC/Src/usbd_cdc.o
 .text.USBD_CDC_GetDeviceQualifierDescriptor
                0x0000000008004698        0xc build/Drivers/STM32_USB_Device_Library/Class/CDC/Src/usbd_cdc.o
                0x0000000008004698                USBD_CDC_GetDeviceQualifierDescriptor
 .text.USBD_CDC_DataOut
                0x00000000080046a4       0x2e build/Drivers/STM32_USB_Device_Library/Class/CDC/Src/usbd_cdc.o
 .text.USBD_CDC_Setup
                0x00000000080046d2       0x5a build/Drivers/STM32_USB_Device_Library/Class/CDC/Src/usbd_cdc.o
 .text.USBD_CDC_DeInit
                0x000000000800472c       0x3a build/Drivers/STM32_USB_Device_Library/Class/CDC/Src/usbd_cdc.o
 .text.USBD_CDC_Init
                0x0000000008004766       0x86 build/Drivers/STM32_USB_Device_Library/Class/CDC/Src/usbd_cdc.o
 .text.USBD_CDC_RegisterInterface
                0x00000000080047ec        0xe build/Drivers/STM32_USB_Device_Library/Class/CDC/Src/usbd_cdc.o
                0x00000000080047ec                USBD_CDC_RegisterInterface
 .text.USBD_CDC_SetTxBuffer
                0x00000000080047fa       0x10 build/Drivers/STM32_USB_Device_Library/Class/CDC/Src/usbd_cdc.o
                0x00000000080047fa                USBD_CDC_SetTxBuffer
 .text.USBD_CDC_SetRxBuffer
                0x000000000800480a        0xc build/Drivers/STM32_USB_Device_Library/Class/CDC/Src/usbd_cdc.o
                0x000000000800480a                USBD_CDC_SetRxBuffer
 .text.USBD_CDC_TransmitPacket
                0x0000000008004816       0x2e build/Drivers/STM32_USB_Device_Library/Class/CDC/Src/usbd_cdc.o
                0x0000000008004816                USBD_CDC_TransmitPacket
 .text.USBD_CDC_ReceivePacket
                0x0000000008004844       0x26 build/Drivers/STM32_USB_Device_Library/Class/CDC/Src/usbd_cdc.o
                0x0000000008004844                USBD_CDC_ReceivePacket
 *fill*         0x000000000800486a        0x2 
 .text.HAL_PCD_MspInit
                0x000000000800486c       0x9c build/usbd_conf.o
                0x000000000800486c                HAL_PCD_MspInit
 .text.HAL_PCD_SetupStageCallback
                0x0000000008004908        0xe build/usbd_conf.o
                0x0000000008004908                HAL_PCD_SetupStageCallback
 .text.HAL_PCD_DataOutStageCallback
                0x0000000008004916       0x12 build/usbd_conf.o
                0x0000000008004916                HAL_PCD_DataOutStageCallback
 .text.HAL_PCD_DataInStageCallback
                0x0000000008004928       0x10 build/usbd_conf.o
                0x0000000008004928                HAL_PCD_DataInStageCallback
 .text.HAL_PCD_SOFCallback
                0x0000000008004938        0x8 build/usbd_conf.o
                0x0000000008004938                HAL_PCD_SOFCallback
 .text.HAL_PCD_ResetCallback
                0x0000000008004940       0x1a build/usbd_conf.o
                0x0000000008004940                HAL_PCD_ResetCallback
 .text.HAL_PCD_SuspendCallback
                0x000000000800495a        0x2 build/usbd_conf.o
                0x000000000800495a                HAL_PCD_SuspendCallback
 .text.HAL_PCD_ResumeCallback
                0x000000000800495c        0x2 build/usbd_conf.o
                0x000000000800495c                HAL_PCD_ResumeCallback
 *fill*         0x000000000800495e        0x2 
 .text.USBD_LL_Init
                0x0000000008004960       0x7c build/usbd_conf.o
                0x0000000008004960                USBD_LL_Init
 .text.USBD_LL_Start
                0x00000000080049dc        0xe build/usbd_conf.o
                0x00000000080049dc                USBD_LL_Start
 .text.USBD_LL_OpenEP
                0x00000000080049ea       0x14 build/usbd_conf.o
                0x00000000080049ea                USBD_LL_OpenEP
 .text.USBD_LL_CloseEP
                0x00000000080049fe        0xe build/usbd_conf.o
                0x00000000080049fe                USBD_LL_CloseEP
 .text.USBD_LL_StallEP
                0x0000000008004a0c        0xe build/usbd_conf.o
                0x0000000008004a0c                USBD_LL_StallEP
 .text.USBD_LL_ClearStallEP
                0x0000000008004a1a        0xe build/usbd_conf.o
                0x0000000008004a1a                USBD_LL_ClearStallEP
 .text.USBD_LL_IsStallEP
                0x0000000008004a28       0x26 build/usbd_conf.o
                0x0000000008004a28                USBD_LL_IsStallEP
 .text.USBD_LL_SetUSBAddress
                0x0000000008004a4e        0xe build/usbd_conf.o
                0x0000000008004a4e                USBD_LL_SetUSBAddress
 .text.USBD_LL_Transmit
                0x0000000008004a5c        0xe build/usbd_conf.o
                0x0000000008004a5c                USBD_LL_Transmit
 .text.USBD_LL_PrepareReceive
                0x0000000008004a6a        0xe build/usbd_conf.o
                0x0000000008004a6a                USBD_LL_PrepareReceive
 .text.USBD_LL_GetRxDataSize
                0x0000000008004a78        0xc build/usbd_conf.o
                0x0000000008004a78                USBD_LL_GetRxDataSize
 .text.USBD_static_malloc
                0x0000000008004a84        0x8 build/usbd_conf.o
                0x0000000008004a84                USBD_static_malloc
 .text.USBD_static_free
                0x0000000008004a8c        0x2 build/usbd_conf.o
                0x0000000008004a8c                USBD_static_free
 *fill*         0x0000000008004a8e        0x2 
 .text.USBD_VCP_DeviceDescriptor
                0x0000000008004a90        0xc build/usbd_desc.o
                0x0000000008004a90                USBD_VCP_DeviceDescriptor
 .text.USBD_VCP_LangIDStrDescriptor
                0x0000000008004a9c        0xc build/usbd_desc.o
                0x0000000008004a9c                USBD_VCP_LangIDStrDescriptor
 .text.IntToUnicode
                0x0000000008004aa8       0x28 build/usbd_desc.o
 .text.USBD_VCP_SerialStrDescriptor
                0x0000000008004ad0       0x40 build/usbd_desc.o
                0x0000000008004ad0                USBD_VCP_SerialStrDescriptor
 .text.USBD_VCP_ProductStrDescriptor
                0x0000000008004b10       0x1c build/usbd_desc.o
                0x0000000008004b10                USBD_VCP_ProductStrDescriptor
 .text.USBD_VCP_ManufacturerStrDescriptor
                0x0000000008004b2c       0x1c build/usbd_desc.o
                0x0000000008004b2c                USBD_VCP_ManufacturerStrDescriptor
 .text.USBD_VCP_ConfigStrDescriptor
                0x0000000008004b48       0x1c build/usbd_desc.o
                0x0000000008004b48                USBD_VCP_ConfigStrDescriptor
 .text.USBD_VCP_InterfaceStrDescriptor
                0x0000000008004b64       0x1c build/usbd_desc.o
                0x0000000008004b64                USBD_VCP_InterfaceStrDescriptor
 .text.CDC_Itf_DeInit
                0x0000000008004b80        0x4 build/usbd_cdc_interface.o
 .text.CDC_Itf_Receive
                0x0000000008004b84       0x20 build/usbd_cdc_interface.o
 .text.CDC_Itf_Init
                0x0000000008004ba4       0x18 build/usbd_cdc_interface.o
 .text.CDC_Itf_Control
                0x0000000008004bbc       0x58 build/usbd_cdc_interface.o
 .text.BSP_LED_Init
                0x0000000008004c14       0x68 build/Drivers/BSP/STM32F3-Discovery/stm32f3_discovery.o
                0x0000000008004c14                BSP_LED_Init
 .text.BSP_LED_On
                0x0000000008004c7c       0x1c build/Drivers/BSP/STM32F3-Discovery/stm32f3_discovery.o
                0x0000000008004c7c                BSP_LED_On
 .text.BSP_LED_Off
                0x0000000008004c98       0x1c build/Drivers/BSP/STM32F3-Discovery/stm32f3_discovery.o
                0x0000000008004c98                BSP_LED_Off
 .text.BSP_LED_Toggle
                0x0000000008004cb4       0x1c build/Drivers/BSP/STM32F3-Discovery/stm32f3_discovery.o
                0x0000000008004cb4                BSP_LED_Toggle
 .text.BSP_PB_Init
                0x0000000008004cd0       0x74 build/Drivers/BSP/STM32F3-Discovery/stm32f3_discovery.o
                0x0000000008004cd0                BSP_PB_Init
 .text.BSP_PB_GetState
                0x0000000008004d44       0x14 build/Drivers/BSP/STM32F3-Discovery/stm32f3_discovery.o
                0x0000000008004d44                BSP_PB_GetState
 .text.BSP_ACCELERO_GetXYZ
                0x0000000008004d58       0x10 build/Drivers/BSP/STM32F3-Discovery/stm32f3_discovery_accelerometer.o
                0x0000000008004d58                BSP_ACCELERO_GetXYZ
 .text.BSP_GYRO_GetXYZ
                0x0000000008004d68       0x10 build/Drivers/BSP/STM32F3-Discovery/stm32f3_discovery_gyroscope.o
                0x0000000008004d68                BSP_GYRO_GetXYZ
 .text.Reset_Handler
                0x0000000008004d78       0x50 build/Drivers/CMSIS/Device/ST/STM32F3xx/Source/Templates/gcc/startup_stm32f303xc.o
                0x0000000008004d78                Reset_Handler
 .text.Default_Handler
                0x0000000008004dc8        0x2 build/Drivers/CMSIS/Device/ST/STM32F3xx/Source/Templates/gcc/startup_stm32f303xc.o
                0x0000000008004dc8                RTC_Alarm_IRQHandler
                0x0000000008004dc8                TIM8_TRG_COM_IRQHandler
                0x0000000008004dc8                TIM8_CC_IRQHandler
                0x0000000008004dc8                DebugMon_Handler
                0x0000000008004dc8                TIM1_CC_IRQHandler
                0x0000000008004dc8                HardFault_Handler
                0x0000000008004dc8                USB_HP_IRQHandler
                0x0000000008004dc8                PVD_IRQHandler
                0x0000000008004dc8                TAMP_STAMP_IRQHandler
                0x0000000008004dc8                PendSV_Handler
                0x0000000008004dc8                NMI_Handler
                0x0000000008004dc8                EXTI3_IRQHandler
                0x0000000008004dc8                USB_HP_CAN_TX_IRQHandler
                0x0000000008004dc8                EXTI0_IRQHandler
                0x0000000008004dc8                I2C2_EV_IRQHandler
                0x0000000008004dc8                FPU_IRQHandler
                0x0000000008004dc8                TIM1_UP_TIM16_IRQHandler
                0x0000000008004dc8                UsageFault_Handler
                0x0000000008004dc8                ADC1_2_IRQHandler
                0x0000000008004dc8                SPI1_IRQHandler
                0x0000000008004dc8                CAN_SCE_IRQHandler
                0x0000000008004dc8                TIM6_DAC_IRQHandler
                0x0000000008004dc8                TIM8_UP_IRQHandler
                0x0000000008004dc8                DMA2_Channel2_IRQHandler
                0x0000000008004dc8                DMA1_Channel4_IRQHandler
                0x0000000008004dc8                USART3_IRQHandler
                0x0000000008004dc8                DMA1_Channel7_IRQHandler
                0x0000000008004dc8                UART5_IRQHandler
                0x0000000008004dc8                ADC3_IRQHandler
                0x0000000008004dc8                TIM4_IRQHandler
                0x0000000008004dc8                CAN_RX1_IRQHandler
                0x0000000008004dc8                DMA2_Channel1_IRQHandler
                0x0000000008004dc8                I2C1_EV_IRQHandler
                0x0000000008004dc8                DMA1_Channel6_IRQHandler
                0x0000000008004dc8                UART4_IRQHandler
                0x0000000008004dc8                DMA2_Channel4_IRQHandler
                0x0000000008004dc8                TIM3_IRQHandler
                0x0000000008004dc8                RCC_IRQHandler
                0x0000000008004dc8                DMA1_Channel1_IRQHandler
                0x0000000008004dc8                Default_Handler
                0x0000000008004dc8                USBWakeUp_RMP_IRQHandler
                0x0000000008004dc8                EXTI15_10_IRQHandler
                0x0000000008004dc8                TIM7_IRQHandler
                0x0000000008004dc8                EXTI9_5_IRQHandler
                0x0000000008004dc8                RTC_WKUP_IRQHandler
                0x0000000008004dc8                SPI2_IRQHandler
                0x0000000008004dc8                MemManage_Handler
                0x0000000008004dc8                SVC_Handler
                0x0000000008004dc8                DMA2_Channel5_IRQHandler
                0x0000000008004dc8                DMA1_Channel5_IRQHandler
                0x0000000008004dc8                USB_LP_IRQHandler
                0x0000000008004dc8                EXTI4_IRQHandler
                0x0000000008004dc8                TIM1_TRG_COM_TIM17_IRQHandler
                0x0000000008004dc8                DMA1_Channel3_IRQHandler
                0x0000000008004dc8                ADC4_IRQHandler
                0x0000000008004dc8                WWDG_IRQHandler
                0x0000000008004dc8                TIM2_IRQHandler
                0x0000000008004dc8                COMP7_IRQHandler
                0x0000000008004dc8                COMP1_2_3_IRQHandler
                0x0000000008004dc8                EXTI1_IRQHandler
                0x0000000008004dc8                USART2_IRQHandler
                0x0000000008004dc8                COMP4_5_6_IRQHandler
                0x0000000008004dc8                I2C2_ER_IRQHandler
                0x0000000008004dc8                DMA1_Channel2_IRQHandler
                0x0000000008004dc8                TIM8_BRK_IRQHandler
                0x0000000008004dc8                FLASH_IRQHandler
                0x0000000008004dc8                BusFault_Handler
                0x0000000008004dc8                USART1_IRQHandler
                0x0000000008004dc8                SPI3_IRQHandler
                0x0000000008004dc8                I2C1_ER_IRQHandler
                0x0000000008004dc8                USBWakeUp_IRQHandler
                0x0000000008004dc8                DMA2_Channel3_IRQHandler
                0x0000000008004dc8                EXTI2_TSC_IRQHandler
                0x0000000008004dc8                TIM1_BRK_TIM15_IRQHandler
 *fill*         0x0000000008004dca        0x2 
 .text.__errno  0x0000000008004dcc        0xc /usr/local/bin/../lib/gcc/arm-none-eabi/4.9.3/../../../../arm-none-eabi/lib/armv7e-m/fpu/libg.a(lib_a-errno.o)
                0x0000000008004dcc                __errno
 .text.__libc_init_array
                0x0000000008004dd8       0x50 /usr/local/bin/../lib/gcc/arm-none-eabi/4.9.3/../../../../arm-none-eabi/lib/armv7e-m/fpu/libg.a(lib_a-init.o)
                0x0000000008004dd8                __libc_init_array
 .text.memset   0x0000000008004e28       0x9c /usr/local/bin/../lib/gcc/arm-none-eabi/4.9.3/../../../../arm-none-eabi/lib/armv7e-m/fpu/libg.a(lib_a-memset.o)
                0x0000000008004e28                memset
 .text.printf   0x0000000008004ec4       0x28 /usr/local/bin/../lib/gcc/arm-none-eabi/4.9.3/../../../../arm-none-eabi/lib/armv7e-m/fpu/libg.a(lib_a-printf.o)
                0x0000000008004ec4                printf
 .text.putchar  0x0000000008004eec       0x14 /usr/local/bin/../lib/gcc/arm-none-eabi/4.9.3/../../../../arm-none-eabi/lib/armv7e-m/fpu/libg.a(lib_a-putchar.o)
                0x0000000008004eec                putchar
 .text._puts_r  0x0000000008004f00       0x5c /usr/local/bin/../lib/gcc/arm-none-eabi/4.9.3/../../../../arm-none-eabi/lib/armv7e-m/fpu/libg.a(lib_a-puts.o)
                0x0000000008004f00                _puts_r
 .text.puts     0x0000000008004f5c       0x10 /usr/local/bin/../lib/gcc/arm-none-eabi/4.9.3/../../../../arm-none-eabi/lib/armv7e-m/fpu/libg.a(lib_a-puts.o)
                0x0000000008004f5c                puts
 .text.setvbuf  0x0000000008004f6c       0xf8 /usr/local/bin/../lib/gcc/arm-none-eabi/4.9.3/../../../../arm-none-eabi/lib/armv7e-m/fpu/libg.a(lib_a-setvbuf.o)
                0x0000000008004f6c                setvbuf
 .text.strcasecmp
                0x0000000008005064       0x44 /usr/local/bin/../lib/gcc/arm-none-eabi/4.9.3/../../../../arm-none-eabi/lib/armv7e-m/fpu/libg.a(lib_a-strcasecmp.o)
                0x0000000008005064                strcasecmp
 .text.strcpy   0x00000000080050a8       0xbc /usr/local/bin/../lib/gcc/arm-none-eabi/4.9.3/../../../../arm-none-eabi/lib/armv7e-m/fpu/libg.a(lib_a-strcpy.o)
                0x00000000080050a8                strcpy
 .text.strlen   0x0000000008005164       0x5c /usr/local/bin/../lib/gcc/arm-none-eabi/4.9.3/../../../../arm-none-eabi/lib/armv7e-m/fpu/libg.a(lib_a-strlen.o)
                0x0000000008005164                strlen
 .text.strtok   0x00000000080051c0       0x10 /usr/local/bin/../lib/gcc/arm-none-eabi/4.9.3/../../../../arm-none-eabi/lib/armv7e-m/fpu/libg.a(lib_a-strtok.o)
                0x00000000080051c0                strtok
 .text.__strtok_r
                0x00000000080051d0       0x64 /usr/local/bin/../lib/gcc/arm-none-eabi/4.9.3/../../../../arm-none-eabi/lib/armv7e-m/fpu/libg.a(lib_a-strtok_r.o)
                0x00000000080051d0                __strtok_r
 .text._strtoul_r
                0x0000000008005234      0x128 /usr/local/bin/../lib/gcc/arm-none-eabi/4.9.3/../../../../arm-none-eabi/lib/armv7e-m/fpu/libg.a(lib_a-strtoul.o)
                0x0000000008005234                _strtoul_r
 .text.strtoul  0x000000000800535c       0x18 /usr/local/bin/../lib/gcc/arm-none-eabi/4.9.3/../../../../arm-none-eabi/lib/armv7e-m/fpu/libg.a(lib_a-strtoul.o)
                0x000000000800535c                strtoul
 *fill*         0x0000000008005374        0x4 
 .text._vfprintf_r
                0x0000000008005378     0x1428 /usr/local/bin/../lib/gcc/arm-none-eabi/4.9.3/../../../../arm-none-eabi/lib/armv7e-m/fpu/libg.a(lib_a-vfprintf.o)
                0x0000000008005378                _vfprintf_r
 .text.__sbprintf
                0x00000000080067a0       0x78 /usr/local/bin/../lib/gcc/arm-none-eabi/4.9.3/../../../../arm-none-eabi/lib/armv7e-m/fpu/libg.a(lib_a-vfprintf.o)
 .text.__swsetup_r
                0x0000000008006818       0xc4 /usr/local/bin/../lib/gcc/arm-none-eabi/4.9.3/../../../../arm-none-eabi/lib/armv7e-m/fpu/libg.a(lib_a-wsetup.o)
                0x0000000008006818                __swsetup_r
 .text.startup.register_fini
                0x00000000080068dc       0x14 /usr/local/bin/../lib/gcc/arm-none-eabi/4.9.3/../../../../arm-none-eabi/lib/armv7e-m/fpu/libg.a(lib_a-__call_atexit.o)
 .text.atexit   0x00000000080068f0        0xc /usr/local/bin/../lib/gcc/arm-none-eabi/4.9.3/../../../../arm-none-eabi/lib/armv7e-m/fpu/libg.a(lib_a-atexit.o)
                0x00000000080068f0                atexit
 .text.quorem   0x00000000080068fc      0x12c /usr/local/bin/../lib/gcc/arm-none-eabi/4.9.3/../../../../arm-none-eabi/lib/armv7e-m/fpu/libg.a(lib_a-dtoa.o)
 .text._dtoa_r  0x0000000008006a28      0xea8 /usr/local/bin/../lib/gcc/arm-none-eabi/4.9.3/../../../../arm-none-eabi/lib/armv7e-m/fpu/libg.a(lib_a-dtoa.o)
                0x0000000008006a28                _dtoa_r
 .text.__sflush_r
                0x00000000080078d0      0x154 /usr/local/bin/../lib/gcc/arm-none-eabi/4.9.3/../../../../arm-none-eabi/lib/armv7e-m/fpu/libg.a(lib_a-fflush.o)
                0x00000000080078d0                __sflush_r
 .text._fflush_r
                0x0000000008007a24       0x2c /usr/local/bin/../lib/gcc/arm-none-eabi/4.9.3/../../../../arm-none-eabi/lib/armv7e-m/fpu/libg.a(lib_a-fflush.o)
                0x0000000008007a24                _fflush_r
 .text._cleanup_r
                0x0000000008007a50        0xc /usr/local/bin/../lib/gcc/arm-none-eabi/4.9.3/../../../../arm-none-eabi/lib/armv7e-m/fpu/libg.a(lib_a-findfp.o)
                0x0000000008007a50                _cleanup_r
 .text.__sinit.part.1
                0x0000000008007a5c       0xf0 /usr/local/bin/../lib/gcc/arm-none-eabi/4.9.3/../../../../arm-none-eabi/lib/armv7e-m/fpu/libg.a(lib_a-findfp.o)
 .text.__sinit  0x0000000008007b4c        0xc /usr/local/bin/../lib/gcc/arm-none-eabi/4.9.3/../../../../arm-none-eabi/lib/armv7e-m/fpu/libg.a(lib_a-findfp.o)
                0x0000000008007b4c                __sinit
 .text.__sfp_lock_acquire
                0x0000000008007b58        0x4 /usr/local/bin/../lib/gcc/arm-none-eabi/4.9.3/../../../../arm-none-eabi/lib/armv7e-m/fpu/libg.a(lib_a-findfp.o)
                0x0000000008007b58                __sfp_lock_acquire
 .text.__sfp_lock_release
                0x0000000008007b5c        0x4 /usr/local/bin/../lib/gcc/arm-none-eabi/4.9.3/../../../../arm-none-eabi/lib/armv7e-m/fpu/libg.a(lib_a-findfp.o)
                0x0000000008007b5c                __sfp_lock_release
 .text.__libc_fini_array
                0x0000000008007b60       0x2c /usr/local/bin/../lib/gcc/arm-none-eabi/4.9.3/../../../../arm-none-eabi/lib/armv7e-m/fpu/libg.a(lib_a-fini.o)
                0x0000000008007b60                __libc_fini_array
 .text._malloc_trim_r
                0x0000000008007b8c       0x9c /usr/local/bin/../lib/gcc/arm-none-eabi/4.9.3/../../../../arm-none-eabi/lib/armv7e-m/fpu/libg.a(lib_a-freer.o)
                0x0000000008007b8c                _malloc_trim_r
 .text._free_r  0x0000000008007c28      0x1b0 /usr/local/bin/../lib/gcc/arm-none-eabi/4.9.3/../../../../arm-none-eabi/lib/armv7e-m/fpu/libg.a(lib_a-freer.o)
                0x0000000008007c28                _free_r
 .text.__sfvwrite_r
                0x0000000008007dd8      0x318 /usr/local/bin/../lib/gcc/arm-none-eabi/4.9.3/../../../../arm-none-eabi/lib/armv7e-m/fpu/libg.a(lib_a-fvwrite.o)
                0x0000000008007dd8                __sfvwrite_r
 .text._fwalk_reent
                0x00000000080080f0       0x54 /usr/local/bin/../lib/gcc/arm-none-eabi/4.9.3/../../../../arm-none-eabi/lib/armv7e-m/fpu/libg.a(lib_a-fwalk.o)
                0x00000000080080f0                _fwalk_reent
 .text.__locale_charset
                0x0000000008008144        0x8 /usr/local/bin/../lib/gcc/arm-none-eabi/4.9.3/../../../../arm-none-eabi/lib/armv7e-m/fpu/libg.a(lib_a-locale.o)
                0x0000000008008144                __locale_charset
 .text.__locale_mb_cur_max
                0x000000000800814c        0xc /usr/local/bin/../lib/gcc/arm-none-eabi/4.9.3/../../../../arm-none-eabi/lib/armv7e-m/fpu/libg.a(lib_a-locale.o)
                0x000000000800814c                __locale_mb_cur_max
 .text._localeconv_r
                0x0000000008008158        0x8 /usr/local/bin/../lib/gcc/arm-none-eabi/4.9.3/../../../../arm-none-eabi/lib/armv7e-m/fpu/libg.a(lib_a-locale.o)
                0x0000000008008158                _localeconv_r
 .text.__smakebuf_r
                0x0000000008008160       0xe0 /usr/local/bin/../lib/gcc/arm-none-eabi/4.9.3/../../../../arm-none-eabi/lib/armv7e-m/fpu/libg.a(lib_a-makebuf.o)
                0x0000000008008160                __smakebuf_r
 .text.malloc   0x0000000008008240       0x10 /usr/local/bin/../lib/gcc/arm-none-eabi/4.9.3/../../../../arm-none-eabi/lib/armv7e-m/fpu/libg.a(lib_a-malloc.o)
                0x0000000008008240                malloc
 .text._malloc_r
                0x0000000008008250      0x524 /usr/local/bin/../lib/gcc/arm-none-eabi/4.9.3/../../../../arm-none-eabi/lib/armv7e-m/fpu/libg.a(lib_a-mallocr.o)
                0x0000000008008250                _malloc_r
 .text.memchr   0x0000000008008774       0x94 /usr/local/bin/../lib/gcc/arm-none-eabi/4.9.3/../../../../arm-none-eabi/lib/armv7e-m/fpu/libg.a(lib_a-memchr.o)
                0x0000000008008774                memchr
 .text.memmove  0x0000000008008808       0xc8 /usr/local/bin/../lib/gcc/arm-none-eabi/4.9.3/../../../../arm-none-eabi/lib/armv7e-m/fpu/libg.a(lib_a-memmove.o)
                0x0000000008008808                memmove
 .text.__malloc_lock
                0x00000000080088d0        0x4 /usr/local/bin/../lib/gcc/arm-none-eabi/4.9.3/../../../../arm-none-eabi/lib/armv7e-m/fpu/libg.a(lib_a-mlock.o)
                0x00000000080088d0                __malloc_lock
 .text.__malloc_unlock
                0x00000000080088d4        0x4 /usr/local/bin/../lib/gcc/arm-none-eabi/4.9.3/../../../../arm-none-eabi/lib/armv7e-m/fpu/libg.a(lib_a-mlock.o)
                0x00000000080088d4                __malloc_unlock
 .text._Balloc  0x00000000080088d8       0x4c /usr/local/bin/../lib/gcc/arm-none-eabi/4.9.3/../../../../arm-none-eabi/lib/armv7e-m/fpu/libg.a(lib_a-mprec.o)
                0x00000000080088d8                _Balloc
 .text._Bfree   0x0000000008008924       0x14 /usr/local/bin/../lib/gcc/arm-none-eabi/4.9.3/../../../../arm-none-eabi/lib/armv7e-m/fpu/libg.a(lib_a-mprec.o)
                0x0000000008008924                _Bfree
 .text.__multadd
                0x0000000008008938       0x84 /usr/local/bin/../lib/gcc/arm-none-eabi/4.9.3/../../../../arm-none-eabi/lib/armv7e-m/fpu/libg.a(lib_a-mprec.o)
                0x0000000008008938                __multadd
 .text.__hi0bits
                0x00000000080089bc       0x40 /usr/local/bin/../lib/gcc/arm-none-eabi/4.9.3/../../../../arm-none-eabi/lib/armv7e-m/fpu/libg.a(lib_a-mprec.o)
                0x00000000080089bc                __hi0bits
 .text.__lo0bits
                0x00000000080089fc       0x5c /usr/local/bin/../lib/gcc/arm-none-eabi/4.9.3/../../../../arm-none-eabi/lib/armv7e-m/fpu/libg.a(lib_a-mprec.o)
                0x00000000080089fc                __lo0bits
 .text.__i2b    0x0000000008008a58       0x14 /usr/local/bin/../lib/gcc/arm-none-eabi/4.9.3/../../../../arm-none-eabi/lib/armv7e-m/fpu/libg.a(lib_a-mprec.o)
                0x0000000008008a58                __i2b
 .text.__multiply
                0x0000000008008a6c      0x134 /usr/local/bin/../lib/gcc/arm-none-eabi/4.9.3/../../../../arm-none-eabi/lib/armv7e-m/fpu/libg.a(lib_a-mprec.o)
                0x0000000008008a6c                __multiply
 .text.__pow5mult
                0x0000000008008ba0       0xa0 /usr/local/bin/../lib/gcc/arm-none-eabi/4.9.3/../../../../arm-none-eabi/lib/armv7e-m/fpu/libg.a(lib_a-mprec.o)
                0x0000000008008ba0                __pow5mult
 .text.__lshift
                0x0000000008008c40       0xac /usr/local/bin/../lib/gcc/arm-none-eabi/4.9.3/../../../../arm-none-eabi/lib/armv7e-m/fpu/libg.a(lib_a-mprec.o)
                0x0000000008008c40                __lshift
 .text.__mcmp   0x0000000008008cec       0x48 /usr/local/bin/../lib/gcc/arm-none-eabi/4.9.3/../../../../arm-none-eabi/lib/armv7e-m/fpu/libg.a(lib_a-mprec.o)
                0x0000000008008cec                __mcmp
 .text.__mdiff  0x0000000008008d34       0xd4 /usr/local/bin/../lib/gcc/arm-none-eabi/4.9.3/../../../../arm-none-eabi/lib/armv7e-m/fpu/libg.a(lib_a-mprec.o)
                0x0000000008008d34                __mdiff
 .text.__d2b    0x0000000008008e08       0xbc /usr/local/bin/../lib/gcc/arm-none-eabi/4.9.3/../../../../arm-none-eabi/lib/armv7e-m/fpu/libg.a(lib_a-mprec.o)
                0x0000000008008e08                __d2b
 .text._putc_r  0x0000000008008ec4       0x58 /usr/local/bin/../lib/gcc/arm-none-eabi/4.9.3/../../../../arm-none-eabi/lib/armv7e-m/fpu/libg.a(lib_a-putc.o)
                0x0000000008008ec4                _putc_r
 .text._realloc_r
                0x0000000008008f1c      0x3ec /usr/local/bin/../lib/gcc/arm-none-eabi/4.9.3/../../../../arm-none-eabi/lib/armv7e-m/fpu/libg.a(lib_a-reallocr.o)
                0x0000000008008f1c                _realloc_r
 .text.__fpclassifyd
                0x0000000008009308       0x5c /usr/local/bin/../lib/gcc/arm-none-eabi/4.9.3/../../../../arm-none-eabi/lib/armv7e-m/fpu/libg.a(lib_a-s_fpclassify.o)
                0x0000000008009308                __fpclassifyd
 .text.__sread  0x0000000008009364       0x24 /usr/local/bin/../lib/gcc/arm-none-eabi/4.9.3/../../../../arm-none-eabi/lib/armv7e-m/fpu/libg.a(lib_a-stdio.o)
                0x0000000008009364                __sread
 .text.__swrite
                0x0000000008009388       0x38 /usr/local/bin/../lib/gcc/arm-none-eabi/4.9.3/../../../../arm-none-eabi/lib/armv7e-m/fpu/libg.a(lib_a-stdio.o)
                0x0000000008009388                __swrite
 .text.__sseek  0x00000000080093c0       0x20 /usr/local/bin/../lib/gcc/arm-none-eabi/4.9.3/../../../../arm-none-eabi/lib/armv7e-m/fpu/libg.a(lib_a-stdio.o)
                0x00000000080093c0                __sseek
 .text.__sclose
                0x00000000080093e0        0x8 /usr/local/bin/../lib/gcc/arm-none-eabi/4.9.3/../../../../arm-none-eabi/lib/armv7e-m/fpu/libg.a(lib_a-stdio.o)
                0x00000000080093e0                __sclose
 .text.__sprint_r.part.0
                0x00000000080093e8       0x78 /usr/local/bin/../lib/gcc/arm-none-eabi/4.9.3/../../../../arm-none-eabi/lib/armv7e-m/fpu/libg.a(lib_a-vfiprintf.o)
 .text.__sprint_r
                0x0000000008009460       0x18 /usr/local/bin/../lib/gcc/arm-none-eabi/4.9.3/../../../../arm-none-eabi/lib/armv7e-m/fpu/libg.a(lib_a-vfiprintf.o)
                0x0000000008009460                __sprint_r
 .text.__swbuf_r
                0x0000000008009478       0xa8 /usr/local/bin/../lib/gcc/arm-none-eabi/4.9.3/../../../../arm-none-eabi/lib/armv7e-m/fpu/libg.a(lib_a-wbuf.o)
                0x0000000008009478                __swbuf_r
 .text.__register_exitproc
                0x0000000008009520       0xa4 /usr/local/bin/../lib/gcc/arm-none-eabi/4.9.3/../../../../arm-none-eabi/lib/armv7e-m/fpu/libg.a(lib_a-__atexit.o)
                0x0000000008009520                __register_exitproc
 .text._calloc_r
                0x00000000080095c4       0x60 /usr/local/bin/../lib/gcc/arm-none-eabi/4.9.3/../../../../arm-none-eabi/lib/armv7e-m/fpu/libg.a(lib_a-callocr.o)
                0x00000000080095c4                _calloc_r
 .text._fclose_r
                0x0000000008009624       0x84 /usr/local/bin/../lib/gcc/arm-none-eabi/4.9.3/../../../../arm-none-eabi/lib/armv7e-m/fpu/libg.a(lib_a-fclose.o)
                0x0000000008009624                _fclose_r
 .text.__fputwc
                0x00000000080096a8       0xb0 /usr/local/bin/../lib/gcc/arm-none-eabi/4.9.3/../../../../arm-none-eabi/lib/armv7e-m/fpu/libg.a(lib_a-fputwc.o)
                0x00000000080096a8                __fputwc
 .text._fputwc_r
                0x0000000008009758       0x24 /usr/local/bin/../lib/gcc/arm-none-eabi/4.9.3/../../../../arm-none-eabi/lib/armv7e-m/fpu/libg.a(lib_a-fputwc.o)
                0x0000000008009758                _fputwc_r
 .text._wcrtomb_r
                0x000000000800977c       0x54 /usr/local/bin/../lib/gcc/arm-none-eabi/4.9.3/../../../../arm-none-eabi/lib/armv7e-m/fpu/libg.a(lib_a-wcrtomb.o)
                0x000000000800977c                _wcrtomb_r
 .text.__ascii_wctomb
                0x00000000080097d0       0x1c /usr/local/bin/../lib/gcc/arm-none-eabi/4.9.3/../../../../arm-none-eabi/lib/armv7e-m/fpu/libg.a(lib_a-wctomb_r.o)
                0x00000000080097d0                __ascii_wctomb
 *(.glue_7)
 .glue_7        0x0000000000000000        0x0 linker stubs
 *(.glue_7t)
 .glue_7t       0x0000000000000000        0x0 linker stubs
 *(.eh_frame)
 .eh_frame      0x00000000080097ec        0x0 /usr/local/bin/../lib/gcc/arm-none-eabi/4.9.3/armv7e-m/fpu/crtbegin.o
 *(.init)
 .init          0x00000000080097ec        0x4 /usr/local/bin/../lib/gcc/arm-none-eabi/4.9.3/armv7e-m/fpu/crti.o
                0x00000000080097ec                _init
 .init          0x00000000080097f0        0x8 /usr/local/bin/../lib/gcc/arm-none-eabi/4.9.3/armv7e-m/fpu/crtn.o
 *(.fini)
 .fini          0x00000000080097f8        0x4 /usr/local/bin/../lib/gcc/arm-none-eabi/4.9.3/armv7e-m/fpu/crti.o
                0x00000000080097f8                _fini
 .fini          0x00000000080097fc        0x8 /usr/local/bin/../lib/gcc/arm-none-eabi/4.9.3/armv7e-m/fpu/crtn.o
                0x0000000008009804                . = ALIGN (0x4)
                0x0000000008009804                _etext = .

.vfp11_veneer   0x0000000008009804        0x0
 .vfp11_veneer  0x0000000000000000        0x0 linker stubs

.v4_bx          0x0000000008009804        0x0
 .v4_bx         0x0000000000000000        0x0 linker stubs

.iplt           0x0000000008009804        0x0
 .iplt          0x0000000000000000        0x0 /usr/local/bin/../lib/gcc/arm-none-eabi/4.9.3/armv7e-m/fpu/crtbegin.o

.rodata         0x0000000008009808     0xf970
                0x0000000008009808                . = ALIGN (0x4)
 *(.rodata)
 .rodata        0x0000000008009808      0x494 build/decoder/STM32F30x_decoder.o
 *(.rodata*)
 .rodata.str1.1
                0x0000000008009c9c      0x191 build/main.o
                                        0x198 (size before relaxing)
 .rodata.LEDs   0x0000000008009e2d        0x8 build/main.o
                0x0000000008009e2d                LEDs
 .rodata.str1.1
                0x0000000008009e35       0x5d build/mytest.o
 .rodata.str1.1
                0x0000000008009e92      0x106 build/lab12.o
                                        0x10a (size before relaxing)
 .rodata.str1.1
                0x0000000008009f98       0x4b build/monitor.o
                                         0x4d (size before relaxing)
 .rodata.str1.1
                0x0000000008009fe3       0xe1 build/parser.o
                                         0xe4 (size before relaxing)
 .rodata.__FUNCTION__.5824
                0x000000000800a0c4        0x6 build/parser.o
 .rodata.str1.1
                0x000000000800a0ca      0x1fc build/dump.o
                                        0x1fe (size before relaxing)
 .rodata.str1.1
                0x000000000800a2c6       0xaa build/terminal.o
                                         0xac (size before relaxing)
 .rodata.str1.1
                0x000000000800a370      0x51a build/decoder/decoder.o
                                        0x529 (size before relaxing)
 *fill*         0x000000000800a88a        0x2 
 .rodata.DMA1_registers
                0x000000000800a88c      0x1e0 build/decoder/STM32F30x_decoder.o
                0x000000000800a88c                DMA1_registers
 .rodata.SPI1_DR_fields
                0x000000000800aa6c        0x8 build/decoder/STM32F30x_decoder.o
                0x000000000800aa6c                SPI1_DR_fields
 .rodata.ADC1_2_CSR_fields
                0x000000000800aa74       0xb0 build/decoder/STM32F30x_decoder.o
                0x000000000800aa74                ADC1_2_CSR_fields
 .rodata.USB_FS_USB_EP3R_fields
                0x000000000800ab24       0x50 build/decoder/STM32F30x_decoder.o
                0x000000000800ab24                USB_FS_USB_EP3R_fields
 .rodata.GPIOB_PUPDR_fields
                0x000000000800ab74       0x80 build/decoder/STM32F30x_decoder.o
                0x000000000800ab74                GPIOB_PUPDR_fields
 .rodata.TSC_IOG8CR_fields
                0x000000000800abf4        0x8 build/decoder/STM32F30x_decoder.o
                0x000000000800abf4                TSC_IOG8CR_fields
 .rodata.TIM1_CCMR3_Output_fields
                0x000000000800abfc       0x50 build/decoder/STM32F30x_decoder.o
                0x000000000800abfc                TIM1_CCMR3_Output_fields
 .rodata.TIM1_SMCR_fields
                0x000000000800ac4c       0x48 build/decoder/STM32F30x_decoder.o
                0x000000000800ac4c                TIM1_SMCR_fields
 .rodata.RTC_SHIFTR_fields
                0x000000000800ac94       0x10 build/decoder/STM32F30x_decoder.o
                0x000000000800ac94                RTC_SHIFTR_fields
 .rodata.CAN_F24R1_fields
                0x000000000800aca4      0x100 build/decoder/STM32F30x_decoder.o
                0x000000000800aca4                CAN_F24R1_fields
 .rodata.RTC_TSDR_fields
                0x000000000800ada4       0x28 build/decoder/STM32F30x_decoder.o
                0x000000000800ada4                RTC_TSDR_fields
 .rodata.RTC_BKP22R_fields
                0x000000000800adcc        0x8 build/decoder/STM32F30x_decoder.o
                0x000000000800adcc                RTC_BKP22R_fields
 .rodata.TIM1_CCMR2_Output_fields
                0x000000000800add4       0x60 build/decoder/STM32F30x_decoder.o
                0x000000000800add4                TIM1_CCMR2_Output_fields
 .rodata.TIM17_RCR_fields
                0x000000000800ae34        0x8 build/decoder/STM32F30x_decoder.o
                0x000000000800ae34                TIM17_RCR_fields
 .rodata.EXTI_EMR1_fields
                0x000000000800ae3c      0x100 build/decoder/STM32F30x_decoder.o
                0x000000000800ae3c                EXTI_EMR1_fields
 .rodata.USB_FS_ISTR_fields
                0x000000000800af3c       0x50 build/decoder/STM32F30x_decoder.o
                0x000000000800af3c                USB_FS_ISTR_fields
 .rodata.I2C1_ICR_fields
                0x000000000800af8c       0x48 build/decoder/STM32F30x_decoder.o
                0x000000000800af8c                I2C1_ICR_fields
 .rodata.TIM16_ARR_fields
                0x000000000800afd4        0x8 build/decoder/STM32F30x_decoder.o
                0x000000000800afd4                TIM16_ARR_fields
 .rodata.RTC_ISR_fields
                0x000000000800afdc       0x88 build/decoder/STM32F30x_decoder.o
                0x000000000800afdc                RTC_ISR_fields
 .rodata.RTC_BKP27R_fields
                0x000000000800b064        0x8 build/decoder/STM32F30x_decoder.o
                0x000000000800b064                RTC_BKP27R_fields
 .rodata.TIM8_CCR6_fields
                0x000000000800b06c        0x8 build/decoder/STM32F30x_decoder.o
                0x000000000800b06c                TIM8_CCR6_fields
 .rodata.TIM17_BDTR_fields
                0x000000000800b074       0x48 build/decoder/STM32F30x_decoder.o
                0x000000000800b074                TIM17_BDTR_fields
 .rodata.TIM8_CCMR1_Input_fields
                0x000000000800b0bc       0x30 build/decoder/STM32F30x_decoder.o
                0x000000000800b0bc                TIM8_CCMR1_Input_fields
 .rodata.DAC_registers
                0x000000000800b0ec       0xe0 build/decoder/STM32F30x_decoder.o
                0x000000000800b0ec                DAC_registers
 .rodata.IWDG_WINR_fields
                0x000000000800b1cc        0x8 build/decoder/STM32F30x_decoder.o
                0x000000000800b1cc                IWDG_WINR_fields
 .rodata.CAN_F19R2_fields
                0x000000000800b1d4      0x100 build/decoder/STM32F30x_decoder.o
                0x000000000800b1d4                CAN_F19R2_fields
 .rodata.CAN_RF1R_fields
                0x000000000800b2d4       0x20 build/decoder/STM32F30x_decoder.o
                0x000000000800b2d4                CAN_RF1R_fields
 .rodata.RTC_CALR_fields
                0x000000000800b2f4       0x20 build/decoder/STM32F30x_decoder.o
                0x000000000800b2f4                RTC_CALR_fields
 .rodata.TIM2_SR_fields
                0x000000000800b314       0x50 build/decoder/STM32F30x_decoder.o
                0x000000000800b314                TIM2_SR_fields
 .rodata.SYSCFG_EXTICR2_fields
                0x000000000800b364       0x20 build/decoder/STM32F30x_decoder.o
                0x000000000800b364                SYSCFG_EXTICR2_fields
 .rodata.CAN_MCR_fields
                0x000000000800b384       0x50 build/decoder/STM32F30x_decoder.o
                0x000000000800b384                CAN_MCR_fields
 .rodata.TIM17_SR_fields
                0x000000000800b3d4       0x30 build/decoder/STM32F30x_decoder.o
                0x000000000800b3d4                TIM17_SR_fields
 .rodata.USART1_GTPR_fields
                0x000000000800b404       0x10 build/decoder/STM32F30x_decoder.o
                0x000000000800b404                USART1_GTPR_fields
 .rodata.DAC_DOR1_fields
                0x000000000800b414        0x8 build/decoder/STM32F30x_decoder.o
                0x000000000800b414                DAC_DOR1_fields
 .rodata.CAN_F1R1_fields
                0x000000000800b41c      0x100 build/decoder/STM32F30x_decoder.o
                0x000000000800b41c                CAN_F1R1_fields
 .rodata.CAN_FA1R_fields
                0x000000000800b51c       0xe0 build/decoder/STM32F30x_decoder.o
                0x000000000800b51c                CAN_FA1R_fields
 .rodata.RTC_BKP6R_fields
                0x000000000800b5fc        0x8 build/decoder/STM32F30x_decoder.o
                0x000000000800b5fc                RTC_BKP6R_fields
 .rodata.RCC_CFGR_fields
                0x000000000800b604       0x60 build/decoder/STM32F30x_decoder.o
                0x000000000800b604                RCC_CFGR_fields
 .rodata.PWR_CR_fields
                0x000000000800b664       0x38 build/decoder/STM32F30x_decoder.o
                0x000000000800b664                PWR_CR_fields
 .rodata.NVIC_ISER0_fields
                0x000000000800b69c        0x8 build/decoder/STM32F30x_decoder.o
                0x000000000800b69c                NVIC_ISER0_fields
 .rodata.DMA1_CPAR7_fields
                0x000000000800b6a4        0x8 build/decoder/STM32F30x_decoder.o
                0x000000000800b6a4                DMA1_CPAR7_fields
 .rodata.TSC_IOHCR_fields
                0x000000000800b6ac      0x100 build/decoder/STM32F30x_decoder.o
                0x000000000800b6ac                TSC_IOHCR_fields
 .rodata.CAN_F27R1_fields
                0x000000000800b7ac      0x100 build/decoder/STM32F30x_decoder.o
                0x000000000800b7ac                CAN_F27R1_fields
 .rodata.TIM6_ARR_fields
                0x000000000800b8ac        0x8 build/decoder/STM32F30x_decoder.o
                0x000000000800b8ac                TIM6_ARR_fields
 .rodata.CAN_F12R1_fields
                0x000000000800b8b4      0x100 build/decoder/STM32F30x_decoder.o
                0x000000000800b8b4                CAN_F12R1_fields
 .rodata.TIM15_DCR_fields
                0x000000000800b9b4       0x10 build/decoder/STM32F30x_decoder.o
                0x000000000800b9b4                TIM15_DCR_fields
 .rodata.NVIC_IPR18_fields
                0x000000000800b9c4       0x20 build/decoder/STM32F30x_decoder.o
                0x000000000800b9c4                NVIC_IPR18_fields
 .rodata.RTC_BKP13R_fields
                0x000000000800b9e4        0x8 build/decoder/STM32F30x_decoder.o
                0x000000000800b9e4                RTC_BKP13R_fields
 .rodata.CAN_BTR_fields
                0x000000000800b9ec       0x30 build/decoder/STM32F30x_decoder.o
                0x000000000800b9ec                CAN_BTR_fields
 .rodata.TIM15_BDTR_fields
                0x000000000800ba1c       0x48 build/decoder/STM32F30x_decoder.o
                0x000000000800ba1c                TIM15_BDTR_fields
 .rodata.NVIC_IPR1_fields
                0x000000000800ba64       0x20 build/decoder/STM32F30x_decoder.o
                0x000000000800ba64                NVIC_IPR1_fields
 .rodata.TIM15_PSC_fields
                0x000000000800ba84        0x8 build/decoder/STM32F30x_decoder.o
                0x000000000800ba84                TIM15_PSC_fields
 .rodata.Flash_ACR_fields
                0x000000000800ba8c       0x18 build/decoder/STM32F30x_decoder.o
                0x000000000800ba8c                Flash_ACR_fields
 .rodata.TIM17_CCMR1_Output_fields
                0x000000000800baa4       0x28 build/decoder/STM32F30x_decoder.o
                0x000000000800baa4                TIM17_CCMR1_Output_fields
 .rodata.TIM2_ARR_fields
                0x000000000800bacc       0x10 build/decoder/STM32F30x_decoder.o
                0x000000000800bacc                TIM2_ARR_fields
 .rodata.Flash_registers
                0x000000000800badc       0x80 build/decoder/STM32F30x_decoder.o
                0x000000000800badc                Flash_registers
 .rodata.CAN_TDH0R_fields
                0x000000000800bb5c       0x20 build/decoder/STM32F30x_decoder.o
                0x000000000800bb5c                CAN_TDH0R_fields
 .rodata.TIM1_DCR_fields
                0x000000000800bb7c       0x10 build/decoder/STM32F30x_decoder.o
                0x000000000800bb7c                TIM1_DCR_fields
 .rodata.CAN_TI2R_fields
                0x000000000800bb8c       0x28 build/decoder/STM32F30x_decoder.o
                0x000000000800bb8c                CAN_TI2R_fields
 .rodata.ADC1_IER_fields
                0x000000000800bbb4       0x58 build/decoder/STM32F30x_decoder.o
                0x000000000800bbb4                ADC1_IER_fields
 .rodata.NVIC_ICPR2_fields
                0x000000000800bc0c        0x8 build/decoder/STM32F30x_decoder.o
                0x000000000800bc0c                NVIC_ICPR2_fields
 .rodata.EXTI_IMR1_fields
                0x000000000800bc14      0x100 build/decoder/STM32F30x_decoder.o
                0x000000000800bc14                EXTI_IMR1_fields
 .rodata.TSC_IOASCR_fields
                0x000000000800bd14      0x100 build/decoder/STM32F30x_decoder.o
                0x000000000800bd14                TSC_IOASCR_fields
 .rodata.RCC_CFGR2_fields
                0x000000000800be14       0x18 build/decoder/STM32F30x_decoder.o
                0x000000000800be14                RCC_CFGR2_fields
 .rodata.TIM1_PSC_fields
                0x000000000800be2c        0x8 build/decoder/STM32F30x_decoder.o
                0x000000000800be2c                TIM1_PSC_fields
 .rodata.Flash_KEYR_fields
                0x000000000800be34        0x8 build/decoder/STM32F30x_decoder.o
                0x000000000800be34                Flash_KEYR_fields
 .rodata.TIM8_CR2_fields
                0x000000000800be3c       0x78 build/decoder/STM32F30x_decoder.o
                0x000000000800be3c                TIM8_CR2_fields
 .rodata.ADC1_CFGR_fields
                0x000000000800beb4       0x98 build/decoder/STM32F30x_decoder.o
                0x000000000800beb4                ADC1_CFGR_fields
 .rodata.TIM17_EGR_fields
                0x000000000800bf4c       0x28 build/decoder/STM32F30x_decoder.o
                0x000000000800bf4c                TIM17_EGR_fields
 .rodata.TSC_IOGCSR_fields
                0x000000000800bf74       0x80 build/decoder/STM32F30x_decoder.o
                0x000000000800bf74                TSC_IOGCSR_fields
 .rodata.NVIC_IPR0_fields
                0x000000000800bff4       0x20 build/decoder/STM32F30x_decoder.o
                0x000000000800bff4                NVIC_IPR0_fields
 .rodata.NVIC_IPR8_fields
                0x000000000800c014       0x20 build/decoder/STM32F30x_decoder.o
                0x000000000800c014                NVIC_IPR8_fields
 .rodata.RTC_WUTR_fields
                0x000000000800c034        0x8 build/decoder/STM32F30x_decoder.o
                0x000000000800c034                RTC_WUTR_fields
 .rodata.GPIOB_OSPEEDR_fields
                0x000000000800c03c       0x80 build/decoder/STM32F30x_decoder.o
                0x000000000800c03c                GPIOB_OSPEEDR_fields
 .rodata.ADC1_ISR_fields
                0x000000000800c0bc       0x58 build/decoder/STM32F30x_decoder.o
                0x000000000800c0bc                ADC1_ISR_fields
 .rodata.NVIC_ICER1_fields
                0x000000000800c114        0x8 build/decoder/STM32F30x_decoder.o
                0x000000000800c114                NVIC_ICER1_fields
 .rodata.RTC_BKP7R_fields
                0x000000000800c11c        0x8 build/decoder/STM32F30x_decoder.o
                0x000000000800c11c                RTC_BKP7R_fields
 .rodata.CAN_RF0R_fields
                0x000000000800c124       0x20 build/decoder/STM32F30x_decoder.o
                0x000000000800c124                CAN_RF0R_fields
 .rodata.CAN_FS1R_fields
                0x000000000800c144       0xe0 build/decoder/STM32F30x_decoder.o
                0x000000000800c144                CAN_FS1R_fields
 .rodata.GPIOA_AFRL_fields
                0x000000000800c224       0x40 build/decoder/STM32F30x_decoder.o
                0x000000000800c224                GPIOA_AFRL_fields
 .rodata.DMA1_CMAR3_fields
                0x000000000800c264        0x8 build/decoder/STM32F30x_decoder.o
                0x000000000800c264                DMA1_CMAR3_fields
 .rodata.ADC1_SQR1_fields
                0x000000000800c26c       0x28 build/decoder/STM32F30x_decoder.o
                0x000000000800c26c                ADC1_SQR1_fields
 .rodata.CAN_F15R2_fields
                0x000000000800c294      0x100 build/decoder/STM32F30x_decoder.o
                0x000000000800c294                CAN_F15R2_fields
 .rodata.TIM2_DMAR_fields
                0x000000000800c394        0x8 build/decoder/STM32F30x_decoder.o
                0x000000000800c394                TIM2_DMAR_fields
 .rodata.I2C1_TIMEOUTR_fields
                0x000000000800c39c       0x28 build/decoder/STM32F30x_decoder.o
                0x000000000800c39c                I2C1_TIMEOUTR_fields
 .rodata.GPIOB_LCKR_fields
                0x000000000800c3c4       0x88 build/decoder/STM32F30x_decoder.o
                0x000000000800c3c4                GPIOB_LCKR_fields
 .rodata.DAC_DHR8R1_fields
                0x000000000800c44c        0x8 build/decoder/STM32F30x_decoder.o
                0x000000000800c44c                DAC_DHR8R1_fields
 .rodata.TIM1_CCMR1_Output_fields
                0x000000000800c454       0x60 build/decoder/STM32F30x_decoder.o
                0x000000000800c454                TIM1_CCMR1_Output_fields
 .rodata.TIM1_CCR2_fields
                0x000000000800c4b4        0x8 build/decoder/STM32F30x_decoder.o
                0x000000000800c4b4                TIM1_CCR2_fields
 .rodata.TIM1_OR_fields
                0x000000000800c4bc       0x10 build/decoder/STM32F30x_decoder.o
                0x000000000800c4bc                TIM1_OR_fields
 .rodata.USART1_TDR_fields
                0x000000000800c4cc        0x8 build/decoder/STM32F30x_decoder.o
                0x000000000800c4cc                USART1_TDR_fields
 .rodata.NVIC_STIR_fields
                0x000000000800c4d4        0x8 build/decoder/STM32F30x_decoder.o
                0x000000000800c4d4                NVIC_STIR_fields
 .rodata.USB_FS_USB_EP7R_fields
                0x000000000800c4dc       0x50 build/decoder/STM32F30x_decoder.o
                0x000000000800c4dc                USB_FS_USB_EP7R_fields
 .rodata.ADC1_SQR4_fields
                0x000000000800c52c       0x10 build/decoder/STM32F30x_decoder.o
                0x000000000800c52c                ADC1_SQR4_fields
 .rodata.SYSCFG_registers
                0x000000000800c53c       0x70 build/decoder/STM32F30x_decoder.o
                0x000000000800c53c                SYSCFG_registers
 .rodata.PWR_CSR_fields
                0x000000000800c5ac       0x28 build/decoder/STM32F30x_decoder.o
                0x000000000800c5ac                PWR_CSR_fields
 .rodata.GPIOB_AFRH_fields
                0x000000000800c5d4       0x40 build/decoder/STM32F30x_decoder.o
                0x000000000800c5d4                GPIOB_AFRH_fields
 .rodata.FPU_FPCCR_fields
                0x000000000800c614       0x48 build/decoder/STM32F30x_decoder.o
                0x000000000800c614                FPU_FPCCR_fields
 .rodata.DBGMCU_APB2FZ_fields
                0x000000000800c65c       0x20 build/decoder/STM32F30x_decoder.o
                0x000000000800c65c                DBGMCU_APB2FZ_fields
 .rodata.TIM8_CCR1_fields
                0x000000000800c67c        0x8 build/decoder/STM32F30x_decoder.o
                0x000000000800c67c                TIM8_CCR1_fields
 .rodata.WWDG_SR_fields
                0x000000000800c684        0x8 build/decoder/STM32F30x_decoder.o
                0x000000000800c684                WWDG_SR_fields
 .rodata.TIM16_DIER_fields
                0x000000000800c68c       0x48 build/decoder/STM32F30x_decoder.o
                0x000000000800c68c                TIM16_DIER_fields
 .rodata.TIM1_CCR5_fields
                0x000000000800c6d4       0x20 build/decoder/STM32F30x_decoder.o
                0x000000000800c6d4                TIM1_CCR5_fields
 .rodata.TIM8_BDTR_fields
                0x000000000800c6f4       0x60 build/decoder/STM32F30x_decoder.o
                0x000000000800c6f4                TIM8_BDTR_fields
 .rodata.Flash_CR_fields
                0x000000000800c754       0x58 build/decoder/STM32F30x_decoder.o
                0x000000000800c754                Flash_CR_fields
 .rodata.TIM1_DIER_fields
                0x000000000800c7ac       0x78 build/decoder/STM32F30x_decoder.o
                0x000000000800c7ac                TIM1_DIER_fields
 .rodata.RTC_BKP26R_fields
                0x000000000800c824        0x8 build/decoder/STM32F30x_decoder.o
                0x000000000800c824                RTC_BKP26R_fields
 .rodata.Flash_OBR_fields
                0x000000000800c82c       0x58 build/decoder/STM32F30x_decoder.o
                0x000000000800c82c                Flash_OBR_fields
 .rodata.ADC1_AWD2CR_fields
                0x000000000800c884        0x8 build/decoder/STM32F30x_decoder.o
                0x000000000800c884                ADC1_AWD2CR_fields
 .rodata.FPU_registers
                0x000000000800c88c       0x60 build/decoder/STM32F30x_decoder.o
                0x000000000800c88c                FPU_registers
 .rodata.DAC_CR_fields
                0x000000000800c8ec       0x80 build/decoder/STM32F30x_decoder.o
                0x000000000800c8ec                DAC_CR_fields
 .rodata.NVIC_IPR10_fields
                0x000000000800c96c       0x20 build/decoder/STM32F30x_decoder.o
                0x000000000800c96c                NVIC_IPR10_fields
 .rodata.TIM15_CCR1_fields
                0x000000000800c98c        0x8 build/decoder/STM32F30x_decoder.o
                0x000000000800c98c                TIM15_CCR1_fields
 .rodata.RTC_ALRMAR_fields
                0x000000000800c994       0x70 build/decoder/STM32F30x_decoder.o
                0x000000000800c994                RTC_ALRMAR_fields
 .rodata.GPIOA_BSRR_fields
                0x000000000800ca04      0x100 build/decoder/STM32F30x_decoder.o
                0x000000000800ca04                GPIOA_BSRR_fields
 .rodata.TIM16_SR_fields
                0x000000000800cb04       0x30 build/decoder/STM32F30x_decoder.o
                0x000000000800cb04                TIM16_SR_fields
 .rodata.CAN_F6R1_fields
                0x000000000800cb34      0x100 build/decoder/STM32F30x_decoder.o
                0x000000000800cb34                CAN_F6R1_fields
 .rodata.ADC1_OFR1_fields
                0x000000000800cc34       0x18 build/decoder/STM32F30x_decoder.o
                0x000000000800cc34                ADC1_OFR1_fields
 .rodata.TIM15_CR1_fields
                0x000000000800cc4c       0x38 build/decoder/STM32F30x_decoder.o
                0x000000000800cc4c                TIM15_CR1_fields
 .rodata.NVIC_IABR2_fields
                0x000000000800cc84        0x8 build/decoder/STM32F30x_decoder.o
                0x000000000800cc84                NVIC_IABR2_fields
 .rodata.DMA1_CCR2_fields
                0x000000000800cc8c       0x60 build/decoder/STM32F30x_decoder.o
                0x000000000800cc8c                DMA1_CCR2_fields
 .rodata.NVIC_IPR13_fields
                0x000000000800ccec       0x20 build/decoder/STM32F30x_decoder.o
                0x000000000800ccec                NVIC_IPR13_fields
 .rodata.CAN_F22R2_fields
                0x000000000800cd0c      0x100 build/decoder/STM32F30x_decoder.o
                0x000000000800cd0c                CAN_F22R2_fields
 .rodata.CAN_F0R2_fields
                0x000000000800ce0c      0x100 build/decoder/STM32F30x_decoder.o
                0x000000000800ce0c                CAN_F0R2_fields
 .rodata.RTC_BKP0R_fields
                0x000000000800cf0c        0x8 build/decoder/STM32F30x_decoder.o
                0x000000000800cf0c                RTC_BKP0R_fields
 .rodata.CAN_F19R1_fields
                0x000000000800cf14      0x100 build/decoder/STM32F30x_decoder.o
                0x000000000800cf14                CAN_F19R1_fields
 .rodata.DMA1_IFCR_fields
                0x000000000800d014       0xe0 build/decoder/STM32F30x_decoder.o
                0x000000000800d014                DMA1_IFCR_fields
 .rodata.TIM16_CCMR1_Input_fields
                0x000000000800d0f4       0x18 build/decoder/STM32F30x_decoder.o
                0x000000000800d0f4                TIM16_CCMR1_Input_fields
 .rodata.TIM2_SMCR_fields
                0x000000000800d10c       0x48 build/decoder/STM32F30x_decoder.o
                0x000000000800d10c                TIM2_SMCR_fields
 .rodata.CAN_TDT1R_fields
                0x000000000800d154       0x18 build/decoder/STM32F30x_decoder.o
                0x000000000800d154                CAN_TDT1R_fields
 .rodata.COMP_COMP6_CSR_fields
                0x000000000800d16c       0x58 build/decoder/STM32F30x_decoder.o
                0x000000000800d16c                COMP_COMP6_CSR_fields
 .rodata.I2C1_CR2_fields
                0x000000000800d1c4       0x68 build/decoder/STM32F30x_decoder.o
                0x000000000800d1c4                I2C1_CR2_fields
 .rodata.TIM1_CR1_fields
                0x000000000800d22c       0x48 build/decoder/STM32F30x_decoder.o
                0x000000000800d22c                TIM1_CR1_fields
 .rodata.CAN_F26R2_fields
                0x000000000800d274      0x100 build/decoder/STM32F30x_decoder.o
                0x000000000800d274                CAN_F26R2_fields
 .rodata.RTC_BKP10R_fields
                0x000000000800d374        0x8 build/decoder/STM32F30x_decoder.o
                0x000000000800d374                RTC_BKP10R_fields
 .rodata.DMA1_CMAR6_fields
                0x000000000800d37c        0x8 build/decoder/STM32F30x_decoder.o
                0x000000000800d37c                DMA1_CMAR6_fields
 .rodata.CAN_F11R2_fields
                0x000000000800d384      0x100 build/decoder/STM32F30x_decoder.o
                0x000000000800d384                CAN_F11R2_fields
 .rodata.NVIC_IPR20_fields
                0x000000000800d484       0x20 build/decoder/STM32F30x_decoder.o
                0x000000000800d484                NVIC_IPR20_fields
 .rodata.ADC1_DR_fields
                0x000000000800d4a4        0x8 build/decoder/STM32F30x_decoder.o
                0x000000000800d4a4                ADC1_DR_fields
 .rodata.CAN_F16R1_fields
                0x000000000800d4ac      0x100 build/decoder/STM32F30x_decoder.o
                0x000000000800d4ac                CAN_F16R1_fields
 .rodata.TSC_registers
                0x000000000800d5ac      0x110 build/decoder/STM32F30x_decoder.o
                0x000000000800d5ac                TSC_registers
 .rodata.ADC1_registers
                0x000000000800d6bc      0x1b0 build/decoder/STM32F30x_decoder.o
                0x000000000800d6bc                ADC1_registers
 .rodata.TIM17_CR2_fields
                0x000000000800d86c       0x28 build/decoder/STM32F30x_decoder.o
                0x000000000800d86c                TIM17_CR2_fields
 .rodata.PWR_registers
                0x000000000800d894       0x20 build/decoder/STM32F30x_decoder.o
                0x000000000800d894                PWR_registers
 .rodata.TIM8_ARR_fields
                0x000000000800d8b4        0x8 build/decoder/STM32F30x_decoder.o
                0x000000000800d8b4                TIM8_ARR_fields
 .rodata.EXTI_RTSR1_fields
                0x000000000800d8bc       0xd0 build/decoder/STM32F30x_decoder.o
                0x000000000800d8bc                EXTI_RTSR1_fields
 .rodata.RCC_APB2ENR_fields
                0x000000000800d98c       0x40 build/decoder/STM32F30x_decoder.o
                0x000000000800d98c                RCC_APB2ENR_fields
 .rodata.NVIC_IPR3_fields
                0x000000000800d9cc       0x20 build/decoder/STM32F30x_decoder.o
                0x000000000800d9cc                NVIC_IPR3_fields
 .rodata.I2C1_TIMINGR_fields
                0x000000000800d9ec       0x28 build/decoder/STM32F30x_decoder.o
                0x000000000800d9ec                I2C1_TIMINGR_fields
 .rodata.USART1_CR1_fields
                0x000000000800da14       0xa0 build/decoder/STM32F30x_decoder.o
                0x000000000800da14                USART1_CR1_fields
 .rodata.USART1_RDR_fields
                0x000000000800dab4        0x8 build/decoder/STM32F30x_decoder.o
                0x000000000800dab4                USART1_RDR_fields
 .rodata.CAN_F13R1_fields
                0x000000000800dabc      0x100 build/decoder/STM32F30x_decoder.o
                0x000000000800dabc                CAN_F13R1_fields
 .rodata.RCC_CSR_fields
                0x000000000800dbbc       0x50 build/decoder/STM32F30x_decoder.o
                0x000000000800dbbc                RCC_CSR_fields
 .rodata.NVIC_IABR0_fields
                0x000000000800dc0c        0x8 build/decoder/STM32F30x_decoder.o
                0x000000000800dc0c                NVIC_IABR0_fields
 .rodata.TIM2_EGR_fields
                0x000000000800dc14       0x30 build/decoder/STM32F30x_decoder.o
                0x000000000800dc14                TIM2_EGR_fields
 .rodata.USART1_CR3_fields
                0x000000000800dc44       0x98 build/decoder/STM32F30x_decoder.o
                0x000000000800dc44                USART1_CR3_fields
 .rodata.TIM2_DIER_fields
                0x000000000800dcdc       0x60 build/decoder/STM32F30x_decoder.o
                0x000000000800dcdc                TIM2_DIER_fields
 .rodata.CAN_MSR_fields
                0x000000000800dd3c       0x48 build/decoder/STM32F30x_decoder.o
                0x000000000800dd3c                CAN_MSR_fields
 .rodata.DAC_DHR12L1_fields
                0x000000000800dd84        0x8 build/decoder/STM32F30x_decoder.o
                0x000000000800dd84                DAC_DHR12L1_fields
 .rodata.FPU_MVFR0_fields
                0x000000000800dd8c       0x40 build/decoder/STM32F30x_decoder.o
                0x000000000800dd8c                FPU_MVFR0_fields
 .rodata.SPI1_CR1_fields
                0x000000000800ddcc       0x70 build/decoder/STM32F30x_decoder.o
                0x000000000800ddcc                SPI1_CR1_fields
 .rodata.EXTI_registers
                0x000000000800de3c       0xc0 build/decoder/STM32F30x_decoder.o
                0x000000000800de3c                EXTI_registers
 .rodata.USB_FS_DADDR_fields
                0x000000000800defc       0x40 build/decoder/STM32F30x_decoder.o
                0x000000000800defc                USB_FS_DADDR_fields
 .rodata.RTC_BKP8R_fields
                0x000000000800df3c        0x8 build/decoder/STM32F30x_decoder.o
                0x000000000800df3c                RTC_BKP8R_fields
 .rodata.CAN_F2R1_fields
                0x000000000800df44      0x100 build/decoder/STM32F30x_decoder.o
                0x000000000800df44                CAN_F2R1_fields
 .rodata.TIM8_CCR4_fields
                0x000000000800e044        0x8 build/decoder/STM32F30x_decoder.o
                0x000000000800e044                TIM8_CCR4_fields
 .rodata.USB_FS_USB_EP4R_fields
                0x000000000800e04c       0x50 build/decoder/STM32F30x_decoder.o
                0x000000000800e04c                USB_FS_USB_EP4R_fields
 .rodata.TIM1_CCER_fields
                0x000000000800e09c       0x98 build/decoder/STM32F30x_decoder.o
                0x000000000800e09c                TIM1_CCER_fields
 .rodata.TIM8_CNT_fields
                0x000000000800e134       0x10 build/decoder/STM32F30x_decoder.o
                0x000000000800e134                TIM8_CNT_fields
 .rodata.RTC_PRER_fields
                0x000000000800e144       0x10 build/decoder/STM32F30x_decoder.o
                0x000000000800e144                RTC_PRER_fields
 .rodata.TIM1_SR_fields
                0x000000000800e154       0x78 build/decoder/STM32F30x_decoder.o
                0x000000000800e154                TIM1_SR_fields
 .rodata.DMA1_CPAR2_fields
                0x000000000800e1cc        0x8 build/decoder/STM32F30x_decoder.o
                0x000000000800e1cc                DMA1_CPAR2_fields
 .rodata.NVIC_IPR15_fields
                0x000000000800e1d4       0x20 build/decoder/STM32F30x_decoder.o
                0x000000000800e1d4                NVIC_IPR15_fields
 .rodata.TSC_CR_fields
                0x000000000800e1f4       0x60 build/decoder/STM32F30x_decoder.o
                0x000000000800e1f4                TSC_CR_fields
 .rodata.SPI1_SR_fields
                0x000000000800e254       0x58 build/decoder/STM32F30x_decoder.o
                0x000000000800e254                SPI1_SR_fields
 .rodata.ADC1_JDR3_fields
                0x000000000800e2ac        0x8 build/decoder/STM32F30x_decoder.o
                0x000000000800e2ac                ADC1_JDR3_fields
 .rodata.NVIC_ICTR_fields
                0x000000000800e2b4        0x8 build/decoder/STM32F30x_decoder.o
                0x000000000800e2b4                NVIC_ICTR_fields
 .rodata.RTC_BKP30R_fields
                0x000000000800e2bc        0x8 build/decoder/STM32F30x_decoder.o
                0x000000000800e2bc                RTC_BKP30R_fields
 .rodata.RTC_BKP23R_fields
                0x000000000800e2c4        0x8 build/decoder/STM32F30x_decoder.o
                0x000000000800e2c4                RTC_BKP23R_fields
 .rodata.I2C1_OAR2_fields
                0x000000000800e2cc       0x18 build/decoder/STM32F30x_decoder.o
                0x000000000800e2cc                I2C1_OAR2_fields
 .rodata.DMA1_CNDTR3_fields
                0x000000000800e2e4        0x8 build/decoder/STM32F30x_decoder.o
                0x000000000800e2e4                DMA1_CNDTR3_fields
 .rodata.RTC_registers
                0x000000000800e2ec      0x320 build/decoder/STM32F30x_decoder.o
                0x000000000800e2ec                RTC_registers
 .rodata.CAN_F2R2_fields
                0x000000000800e60c      0x100 build/decoder/STM32F30x_decoder.o
                0x000000000800e60c                CAN_F2R2_fields
 .rodata.NVIC_ISPR2_fields
                0x000000000800e70c        0x8 build/decoder/STM32F30x_decoder.o
                0x000000000800e70c                NVIC_ISPR2_fields
 .rodata.DMA1_CPAR5_fields
                0x000000000800e714        0x8 build/decoder/STM32F30x_decoder.o
                0x000000000800e714                DMA1_CPAR5_fields
 .rodata.TIM2_CCR4_fields
                0x000000000800e71c       0x10 build/decoder/STM32F30x_decoder.o
                0x000000000800e71c                TIM2_CCR4_fields
 .rodata.GPIOB_IDR_fields
                0x000000000800e72c       0x80 build/decoder/STM32F30x_decoder.o
                0x000000000800e72c                GPIOB_IDR_fields
 .rodata.ADC1_OFR4_fields
                0x000000000800e7ac       0x18 build/decoder/STM32F30x_decoder.o
                0x000000000800e7ac                ADC1_OFR4_fields
 .rodata.CAN_RI1R_fields
                0x000000000800e7c4       0x20 build/decoder/STM32F30x_decoder.o
                0x000000000800e7c4                CAN_RI1R_fields
 .rodata.CAN_F18R1_fields
                0x000000000800e7e4      0x100 build/decoder/STM32F30x_decoder.o
                0x000000000800e7e4                CAN_F18R1_fields
 .rodata.TSC_IOG5CR_fields
                0x000000000800e8e4        0x8 build/decoder/STM32F30x_decoder.o
                0x000000000800e8e4                TSC_IOG5CR_fields
 .rodata.DAC_DOR2_fields
                0x000000000800e8ec        0x8 build/decoder/STM32F30x_decoder.o
                0x000000000800e8ec                DAC_DOR2_fields
 .rodata.DMA1_CCR5_fields
                0x000000000800e8f4       0x60 build/decoder/STM32F30x_decoder.o
                0x000000000800e8f4                DMA1_CCR5_fields
 .rodata.DMA1_CNDTR6_fields
                0x000000000800e954        0x8 build/decoder/STM32F30x_decoder.o
                0x000000000800e954                DMA1_CNDTR6_fields
 .rodata.EXTI_SWIER2_fields
                0x000000000800e95c       0x10 build/decoder/STM32F30x_decoder.o
                0x000000000800e95c                EXTI_SWIER2_fields
 .rodata.CAN_RDH0R_fields